../Drivers/CMSIS/Include/core_cm3.h:1511:22:__NVIC_EnableIRQ	16	static
../Drivers/CMSIS/Include/core_cm3.h:1547:22:__NVIC_DisableIRQ	16	static,ignoring_inline_asm
../Core/Src/freertos.c:301:6:vApplicationGetIdleTaskMemory	24	static
../Core/Src/freertos.c:317:6:MX_FREERTOS_Init	48	static
../Core/Src/freertos.c:356:6:tarea1	40	static
../Core/Src/freertos.c:675:6:HAL_GPIO_EXTI_Callback	16	static
../Core/Src/freertos.c:683:6:HAL_UART_RxCpltCallback	16	static
../Core/Src/freertos.c:752:6:afe44xxWrite	24	static
../Core/Src/freertos.c:767:10:afe44xxRead	24	static
../Core/Src/freertos.c:782:6:afe44xxInit	8	static
../Core/Src/freertos.c:830:6:sort_ascend	32	static
../Core/Src/freertos.c:842:6:sort_indices_descend	40	static
../Core/Src/freertos.c:854:6:remove_close_peaks	40	static
../Core/Src/freertos.c:878:6:find_peak_above	32	static
../Core/Src/freertos.c:909:6:find_peak	32	static
../Core/Src/freertos.c:922:6:estimate_spo2	200	static
../Core/Src/freertos.c:1079:9:getDataIfAvailable	64	static
../Core/Src/freertos.c:1147:6:selChADC	32	static
../Core/Src/freertos.c:1187:10:analogRead	24	static
../Core/Src/freertos.c:1198:6:USART_Rev	24	static
