<?xml version="1.0" encoding="ISO-8859-1" ?>
<link_info>
   <banner>TI ARM Clang Linker Unix v2.1.2.LTS</banner>
   <copyright>Copyright (c) 1996-2018 Texas Instruments Incorporated</copyright>
   <link_time>0x64dd1f23</link_time>
   <link_errors>0x0</link_errors>
   <output_file>test_ipc_uart.out</output_file>
   <entry_point>
      <name>_vectors</name>
      <address>0x0</address>
   </entry_point>
   <input_file_list>
      <input_file id="fl-1">
         <path>./</path>
         <kind>object</kind>
         <file>main.o</file>
         <name>main.o</name>
      </input_file>
      <input_file id="fl-2">
         <path>./syscfg/</path>
         <kind>object</kind>
         <file>ti_dpl_config.o</file>
         <name>ti_dpl_config.o</name>
      </input_file>
      <input_file id="fl-3">
         <path>./syscfg/</path>
         <kind>object</kind>
         <file>ti_drivers_config.o</file>
         <name>ti_drivers_config.o</name>
      </input_file>
      <input_file id="fl-4">
         <path>./syscfg/</path>
         <kind>object</kind>
         <file>ti_drivers_open_close.o</file>
         <name>ti_drivers_open_close.o</name>
      </input_file>
      <input_file id="fl-5">
         <path>./syscfg/</path>
         <kind>object</kind>
         <file>ti_pinmux_config.o</file>
         <name>ti_pinmux_config.o</name>
      </input_file>
      <input_file id="fl-6">
         <path>./syscfg/</path>
         <kind>object</kind>
         <file>ti_power_clock_config.o</file>
         <name>ti_power_clock_config.o</name>
      </input_file>
      <input_file id="fl-7">
         <path>./syscfg/</path>
         <kind>object</kind>
         <file>ti_board_config.o</file>
         <name>ti_board_config.o</name>
      </input_file>
      <input_file id="fl-8">
         <path>./syscfg/</path>
         <kind>object</kind>
         <file>ti_board_open_close.o</file>
         <name>ti_board_open_close.o</name>
      </input_file>
      <input_file id="fl-9">
         <path>./syscfg/</path>
         <kind>object</kind>
         <file>ti_enet_config.o</file>
         <name>ti_enet_config.o</name>
      </input_file>
      <input_file id="fl-a">
         <path>./syscfg/</path>
         <kind>object</kind>
         <file>ti_enet_open_close.o</file>
         <name>ti_enet_open_close.o</name>
      </input_file>
      <input_file id="fl-b">
         <path>./syscfg/</path>
         <kind>object</kind>
         <file>ti_enet_soc.o</file>
         <name>ti_enet_soc.o</name>
      </input_file>
      <input_file id="fl-c">
         <path>./syscfg/</path>
         <kind>object</kind>
         <file>ti_enet_lwipif.o</file>
         <name>ti_enet_lwipif.o</name>
      </input_file>
      <input_file id="fl-d">
         <path>./</path>
         <kind>object</kind>
         <file>tareasApp.o</file>
         <name>tareasApp.o</name>
      </input_file>
      <input_file id="fl-1c">
         <kind>object</kind>
         <file>&lt;internal&gt;</file>
         <name>&lt;internal&gt;</name>
      </input_file>
      <input_file id="fl-1d">
         <path>/home/gabriela/ti/mcu_plus_sdk_am64x_08_05_00_24/source/kernel/freertos/lib/</path>
         <kind>archive</kind>
         <file>freertos.am64x.r5f.ti-arm-clang.debug.lib</file>
         <name>DebugP_memTraceLogWriter.obj</name>
      </input_file>
      <input_file id="fl-1e">
         <path>/home/gabriela/ti/mcu_plus_sdk_am64x_08_05_00_24/source/kernel/freertos/lib/</path>
         <kind>archive</kind>
         <file>freertos.am64x.r5f.ti-arm-clang.debug.lib</file>
         <name>DebugP_log.obj</name>
      </input_file>
      <input_file id="fl-1f">
         <path>/home/gabriela/ti/mcu_plus_sdk_am64x_08_05_00_24/source/kernel/freertos/lib/</path>
         <kind>archive</kind>
         <file>freertos.am64x.r5f.ti-arm-clang.debug.lib</file>
         <name>HwiP_armv7r_vim.obj</name>
      </input_file>
      <input_file id="fl-20">
         <path>/home/gabriela/ti/mcu_plus_sdk_am64x_08_05_00_24/source/kernel/freertos/lib/</path>
         <kind>archive</kind>
         <file>freertos.am64x.r5f.ti-arm-clang.debug.lib</file>
         <name>MpuP_armv7r.obj</name>
      </input_file>
      <input_file id="fl-21">
         <path>/home/gabriela/ti/mcu_plus_sdk_am64x_08_05_00_24/source/kernel/freertos/lib/</path>
         <kind>archive</kind>
         <file>freertos.am64x.r5f.ti-arm-clang.debug.lib</file>
         <name>CacheP_armv7r.obj</name>
      </input_file>
      <input_file id="fl-22">
         <path>/home/gabriela/ti/mcu_plus_sdk_am64x_08_05_00_24/source/kernel/freertos/lib/</path>
         <kind>archive</kind>
         <file>freertos.am64x.r5f.ti-arm-clang.debug.lib</file>
         <name>printf.obj</name>
      </input_file>
      <input_file id="fl-23">
         <path>/home/gabriela/ti/mcu_plus_sdk_am64x_08_05_00_24/source/kernel/freertos/lib/</path>
         <kind>archive</kind>
         <file>freertos.am64x.r5f.ti-arm-clang.debug.lib</file>
         <name>PmuP_armv7r.obj</name>
      </input_file>
      <input_file id="fl-24">
         <path>/home/gabriela/ti/mcu_plus_sdk_am64x_08_05_00_24/source/kernel/freertos/lib/</path>
         <kind>archive</kind>
         <file>freertos.am64x.r5f.ti-arm-clang.debug.lib</file>
         <name>ClockP_freertos.obj</name>
      </input_file>
      <input_file id="fl-25">
         <path>/home/gabriela/ti/mcu_plus_sdk_am64x_08_05_00_24/source/kernel/freertos/lib/</path>
         <kind>archive</kind>
         <file>freertos.am64x.r5f.ti-arm-clang.debug.lib</file>
         <name>ClockP_freertos_r5.obj</name>
      </input_file>
      <input_file id="fl-26">
         <path>/home/gabriela/ti/mcu_plus_sdk_am64x_08_05_00_24/source/kernel/freertos/lib/</path>
         <kind>archive</kind>
         <file>freertos.am64x.r5f.ti-arm-clang.debug.lib</file>
         <name>SemaphoreP_freertos.obj</name>
      </input_file>
      <input_file id="fl-27">
         <path>/home/gabriela/ti/mcu_plus_sdk_am64x_08_05_00_24/source/kernel/freertos/lib/</path>
         <kind>archive</kind>
         <file>freertos.am64x.r5f.ti-arm-clang.debug.lib</file>
         <name>HwiP_armv7r_handlers_freertos.obj</name>
      </input_file>
      <input_file id="fl-28">
         <path>/home/gabriela/ti/mcu_plus_sdk_am64x_08_05_00_24/source/kernel/freertos/lib/</path>
         <kind>archive</kind>
         <file>freertos.am64x.r5f.ti-arm-clang.debug.lib</file>
         <name>DebugP_freertos.obj</name>
      </input_file>
      <input_file id="fl-29">
         <path>/home/gabriela/ti/mcu_plus_sdk_am64x_08_05_00_24/source/kernel/freertos/lib/</path>
         <kind>archive</kind>
         <file>freertos.am64x.r5f.ti-arm-clang.debug.lib</file>
         <name>TaskP_freertos.obj</name>
      </input_file>
      <input_file id="fl-2a">
         <path>/home/gabriela/ti/mcu_plus_sdk_am64x_08_05_00_24/source/kernel/freertos/lib/</path>
         <kind>archive</kind>
         <file>freertos.am64x.r5f.ti-arm-clang.debug.lib</file>
         <name>tasks.obj</name>
      </input_file>
      <input_file id="fl-2b">
         <path>/home/gabriela/ti/mcu_plus_sdk_am64x_08_05_00_24/source/kernel/freertos/lib/</path>
         <kind>archive</kind>
         <file>freertos.am64x.r5f.ti-arm-clang.debug.lib</file>
         <name>timers.obj</name>
      </input_file>
      <input_file id="fl-2c">
         <path>/home/gabriela/ti/mcu_plus_sdk_am64x_08_05_00_24/source/kernel/freertos/lib/</path>
         <kind>archive</kind>
         <file>freertos.am64x.r5f.ti-arm-clang.debug.lib</file>
         <name>queue.obj</name>
      </input_file>
      <input_file id="fl-2d">
         <path>/home/gabriela/ti/mcu_plus_sdk_am64x_08_05_00_24/source/kernel/freertos/lib/</path>
         <kind>archive</kind>
         <file>freertos.am64x.r5f.ti-arm-clang.debug.lib</file>
         <name>list.obj</name>
      </input_file>
      <input_file id="fl-2e">
         <path>/home/gabriela/ti/mcu_plus_sdk_am64x_08_05_00_24/source/kernel/freertos/lib/</path>
         <kind>archive</kind>
         <file>freertos.am64x.r5f.ti-arm-clang.debug.lib</file>
         <name>heap_3.obj</name>
      </input_file>
      <input_file id="fl-2f">
         <path>/home/gabriela/ti/mcu_plus_sdk_am64x_08_05_00_24/source/kernel/freertos/lib/</path>
         <kind>archive</kind>
         <file>freertos.am64x.r5f.ti-arm-clang.debug.lib</file>
         <name>port.obj</name>
      </input_file>
      <input_file id="fl-30">
         <path>/home/gabriela/ti/mcu_plus_sdk_am64x_08_05_00_24/source/kernel/freertos/lib/</path>
         <kind>archive</kind>
         <file>freertos.am64x.r5f.ti-arm-clang.debug.lib</file>
         <name>HwiP_armv7r_asm.obj</name>
      </input_file>
      <input_file id="fl-31">
         <path>/home/gabriela/ti/mcu_plus_sdk_am64x_08_05_00_24/source/kernel/freertos/lib/</path>
         <kind>archive</kind>
         <file>freertos.am64x.r5f.ti-arm-clang.debug.lib</file>
         <name>MpuP_armv7r_asm.obj</name>
      </input_file>
      <input_file id="fl-32">
         <path>/home/gabriela/ti/mcu_plus_sdk_am64x_08_05_00_24/source/kernel/freertos/lib/</path>
         <kind>archive</kind>
         <file>freertos.am64x.r5f.ti-arm-clang.debug.lib</file>
         <name>CacheP_armv7r_asm.obj</name>
      </input_file>
      <input_file id="fl-33">
         <path>/home/gabriela/ti/mcu_plus_sdk_am64x_08_05_00_24/source/kernel/freertos/lib/</path>
         <kind>archive</kind>
         <file>freertos.am64x.r5f.ti-arm-clang.debug.lib</file>
         <name>PmuP_armv7r_asm.obj</name>
      </input_file>
      <input_file id="fl-34">
         <path>/home/gabriela/ti/mcu_plus_sdk_am64x_08_05_00_24/source/kernel/freertos/lib/</path>
         <kind>archive</kind>
         <file>freertos.am64x.r5f.ti-arm-clang.debug.lib</file>
         <name>HwiP_armv7r_vectors_freertos_asm.obj</name>
      </input_file>
      <input_file id="fl-35">
         <path>/home/gabriela/ti/mcu_plus_sdk_am64x_08_05_00_24/source/kernel/freertos/lib/</path>
         <kind>archive</kind>
         <file>freertos.am64x.r5f.ti-arm-clang.debug.lib</file>
         <name>portASM.obj</name>
      </input_file>
      <input_file id="fl-36">
         <path>/home/gabriela/ti/mcu_plus_sdk_am64x_08_05_00_24/source/kernel/freertos/lib/</path>
         <kind>archive</kind>
         <file>freertos.am64x.r5f.ti-arm-clang.debug.lib</file>
         <name>TimerP.obj</name>
      </input_file>
      <input_file id="fl-37">
         <path>/home/gabriela/ti/mcu_plus_sdk_am64x_08_05_00_24/source/kernel/freertos/lib/</path>
         <kind>archive</kind>
         <file>freertos.am64x.r5f.ti-arm-clang.debug.lib</file>
         <name>boot_armv7r_asm.obj</name>
      </input_file>
      <input_file id="fl-38">
         <path>/home/gabriela/ti/mcu_plus_sdk_am64x_08_05_00_24/source/kernel/freertos/lib/</path>
         <kind>archive</kind>
         <file>freertos.am64x.r5f.ti-arm-clang.debug.lib</file>
         <name>boot_armv7r.obj</name>
      </input_file>
      <input_file id="fl-39">
         <path>/home/gabriela/ti/mcu_plus_sdk_am64x_08_05_00_24/source/drivers/lib/</path>
         <kind>archive</kind>
         <file>drivers.am64x.r5f.ti-arm-clang.debug.lib</file>
         <name>ipc_notify_v0.obj</name>
      </input_file>
      <input_file id="fl-3a">
         <path>/home/gabriela/ti/mcu_plus_sdk_am64x_08_05_00_24/source/drivers/lib/</path>
         <kind>archive</kind>
         <file>drivers.am64x.r5f.ti-arm-clang.debug.lib</file>
         <name>ipc_notify_v0_cfg.obj</name>
      </input_file>
      <input_file id="fl-3b">
         <path>/home/gabriela/ti/mcu_plus_sdk_am64x_08_05_00_24/source/drivers/lib/</path>
         <kind>archive</kind>
         <file>drivers.am64x.r5f.ti-arm-clang.debug.lib</file>
         <name>ipc_rpmsg.obj</name>
      </input_file>
      <input_file id="fl-3c">
         <path>/home/gabriela/ti/mcu_plus_sdk_am64x_08_05_00_24/source/drivers/lib/</path>
         <kind>archive</kind>
         <file>drivers.am64x.r5f.ti-arm-clang.debug.lib</file>
         <name>ipc_rpmsg_vring.obj</name>
      </input_file>
      <input_file id="fl-3d">
         <path>/home/gabriela/ti/mcu_plus_sdk_am64x_08_05_00_24/source/drivers/lib/</path>
         <kind>archive</kind>
         <file>drivers.am64x.r5f.ti-arm-clang.debug.lib</file>
         <name>pinmux.obj</name>
      </input_file>
      <input_file id="fl-3e">
         <path>/home/gabriela/ti/mcu_plus_sdk_am64x_08_05_00_24/source/drivers/lib/</path>
         <kind>archive</kind>
         <file>drivers.am64x.r5f.ti-arm-clang.debug.lib</file>
         <name>sciclient.obj</name>
      </input_file>
      <input_file id="fl-3f">
         <path>/home/gabriela/ti/mcu_plus_sdk_am64x_08_05_00_24/source/drivers/lib/</path>
         <kind>archive</kind>
         <file>drivers.am64x.r5f.ti-arm-clang.debug.lib</file>
         <name>sciclient_fmwSecureProxyMap.obj</name>
      </input_file>
      <input_file id="fl-40">
         <path>/home/gabriela/ti/mcu_plus_sdk_am64x_08_05_00_24/source/drivers/lib/</path>
         <kind>archive</kind>
         <file>drivers.am64x.r5f.ti-arm-clang.debug.lib</file>
         <name>sciclient_soc_priv.obj</name>
      </input_file>
      <input_file id="fl-41">
         <path>/home/gabriela/ti/mcu_plus_sdk_am64x_08_05_00_24/source/drivers/lib/</path>
         <kind>archive</kind>
         <file>drivers.am64x.r5f.ti-arm-clang.debug.lib</file>
         <name>soc.obj</name>
      </input_file>
      <input_file id="fl-42">
         <path>/home/gabriela/ti/mcu_plus_sdk_am64x_08_05_00_24/source/drivers/lib/</path>
         <kind>archive</kind>
         <file>drivers.am64x.r5f.ti-arm-clang.debug.lib</file>
         <name>uart_v0.obj</name>
      </input_file>
      <input_file id="fl-43">
         <path>/home/gabriela/ti/mcu_plus_sdk_am64x_08_05_00_24/source/drivers/lib/</path>
         <kind>archive</kind>
         <file>drivers.am64x.r5f.ti-arm-clang.debug.lib</file>
         <name>uart_dma.obj</name>
      </input_file>
      <input_file id="fl-44">
         <path>/home/gabriela/ti/mcu_plus_sdk_am64x_08_05_00_24/source/drivers/lib/</path>
         <kind>archive</kind>
         <file>drivers.am64x.r5f.ti-arm-clang.debug.lib</file>
         <name>csl_sec_proxy.obj</name>
      </input_file>
      <input_file id="fl-45">
         <path>/home/gabriela/ti/mcu_plus_sdk_am64x_08_05_00_24/source/drivers/lib/</path>
         <kind>archive</kind>
         <file>drivers.am64x.r5f.ti-arm-clang.debug.lib</file>
         <name>sciclient_pm.obj</name>
      </input_file>
      <input_file id="fl-46">
         <path>/home/gabriela/ti/mcu_plus_sdk_am64x_08_05_00_24/source/drivers/lib/</path>
         <kind>archive</kind>
         <file>drivers.am64x.r5f.ti-arm-clang.debug.lib</file>
         <name>sciclient_procboot.obj</name>
      </input_file>
      <input_file id="fl-52">
         <path>/home/gabriela/ti/ccs1220/ccs/tools/compiler/ti-cgt-armllvm_2.1.2.LTS/lib/armv7r-ti-none-eabihf/c/</path>
         <kind>archive</kind>
         <file>libc.a</file>
         <name>sprintf.c.obj</name>
      </input_file>
      <input_file id="fl-53">
         <path>/home/gabriela/ti/ccs1220/ccs/tools/compiler/ti-cgt-armllvm_2.1.2.LTS/lib/armv7r-ti-none-eabihf/c/</path>
         <kind>archive</kind>
         <file>libc.a</file>
         <name>e_pow.c.obj</name>
      </input_file>
      <input_file id="fl-54">
         <path>/home/gabriela/ti/ccs1220/ccs/tools/compiler/ti-cgt-armllvm_2.1.2.LTS/lib/armv7r-ti-none-eabihf/c/</path>
         <kind>archive</kind>
         <file>libc.a</file>
         <name>e_sqrt.c.obj</name>
      </input_file>
      <input_file id="fl-55">
         <path>/home/gabriela/ti/ccs1220/ccs/tools/compiler/ti-cgt-armllvm_2.1.2.LTS/lib/armv7r-ti-none-eabihf/c/</path>
         <kind>archive</kind>
         <file>libc.a</file>
         <name>s_scalbn.c.obj</name>
      </input_file>
      <input_file id="fl-56">
         <path>/home/gabriela/ti/ccs1220/ccs/tools/compiler/ti-cgt-armllvm_2.1.2.LTS/lib/armv7r-ti-none-eabihf/c/</path>
         <kind>archive</kind>
         <file>libc.a</file>
         <name>aeabi_portable.c.obj</name>
      </input_file>
      <input_file id="fl-57">
         <path>/home/gabriela/ti/ccs1220/ccs/tools/compiler/ti-cgt-armllvm_2.1.2.LTS/lib/armv7r-ti-none-eabihf/c/</path>
         <kind>archive</kind>
         <file>libc.a</file>
         <name>exit.c.obj</name>
      </input_file>
      <input_file id="fl-58">
         <path>/home/gabriela/ti/ccs1220/ccs/tools/compiler/ti-cgt-armllvm_2.1.2.LTS/lib/armv7r-ti-none-eabihf/c/</path>
         <kind>archive</kind>
         <file>libc.a</file>
         <name>_lock.c.obj</name>
      </input_file>
      <input_file id="fl-59">
         <path>/home/gabriela/ti/ccs1220/ccs/tools/compiler/ti-cgt-armllvm_2.1.2.LTS/lib/armv7r-ti-none-eabihf/c/</path>
         <kind>archive</kind>
         <file>libc.a</file>
         <name>assert.c.obj</name>
      </input_file>
      <input_file id="fl-5a">
         <path>/home/gabriela/ti/ccs1220/ccs/tools/compiler/ti-cgt-armllvm_2.1.2.LTS/lib/armv7r-ti-none-eabihf/c/</path>
         <kind>archive</kind>
         <file>libc.a</file>
         <name>atoi.c.obj</name>
      </input_file>
      <input_file id="fl-5b">
         <path>/home/gabriela/ti/ccs1220/ccs/tools/compiler/ti-cgt-armllvm_2.1.2.LTS/lib/armv7r-ti-none-eabihf/c/</path>
         <kind>archive</kind>
         <file>libc.a</file>
         <name>defs.c.obj</name>
      </input_file>
      <input_file id="fl-5c">
         <path>/home/gabriela/ti/ccs1220/ccs/tools/compiler/ti-cgt-armllvm_2.1.2.LTS/lib/armv7r-ti-none-eabihf/c/</path>
         <kind>archive</kind>
         <file>libc.a</file>
         <name>memory.c.obj</name>
      </input_file>
      <input_file id="fl-5d">
         <path>/home/gabriela/ti/ccs1220/ccs/tools/compiler/ti-cgt-armllvm_2.1.2.LTS/lib/armv7r-ti-none-eabihf/c/</path>
         <kind>archive</kind>
         <file>libc.a</file>
         <name>strcpy.c.obj</name>
      </input_file>
      <input_file id="fl-5e">
         <path>/home/gabriela/ti/ccs1220/ccs/tools/compiler/ti-cgt-armllvm_2.1.2.LTS/lib/armv7r-ti-none-eabihf/c/</path>
         <kind>archive</kind>
         <file>libc.a</file>
         <name>strlen.c.obj</name>
      </input_file>
      <input_file id="fl-5f">
         <path>/home/gabriela/ti/ccs1220/ccs/tools/compiler/ti-cgt-armllvm_2.1.2.LTS/lib/armv7r-ti-none-eabihf/c/</path>
         <kind>archive</kind>
         <file>libc.a</file>
         <name>strncpy.c.obj</name>
      </input_file>
      <input_file id="fl-60">
         <path>/home/gabriela/ti/ccs1220/ccs/tools/compiler/ti-cgt-armllvm_2.1.2.LTS/lib/armv7r-ti-none-eabihf/c/</path>
         <kind>archive</kind>
         <file>libc.a</file>
         <name>abs.c.obj</name>
      </input_file>
      <input_file id="fl-61">
         <path>/home/gabriela/ti/ccs1220/ccs/tools/compiler/ti-cgt-armllvm_2.1.2.LTS/lib/armv7r-ti-none-eabihf/c/</path>
         <kind>archive</kind>
         <file>libc.a</file>
         <name>autoinit.c.obj</name>
      </input_file>
      <input_file id="fl-62">
         <path>/home/gabriela/ti/ccs1220/ccs/tools/compiler/ti-cgt-armllvm_2.1.2.LTS/lib/armv7r-ti-none-eabihf/c/</path>
         <kind>archive</kind>
         <file>libc.a</file>
         <name>cpy_tbl.c.obj</name>
      </input_file>
      <input_file id="fl-63">
         <path>/home/gabriela/ti/ccs1220/ccs/tools/compiler/ti-cgt-armllvm_2.1.2.LTS/lib/armv7r-ti-none-eabihf/c/</path>
         <kind>archive</kind>
         <file>libc.a</file>
         <name>_printfi.c.obj</name>
      </input_file>
      <input_file id="fl-64">
         <path>/home/gabriela/ti/ccs1220/ccs/tools/compiler/ti-cgt-armllvm_2.1.2.LTS/lib/armv7r-ti-none-eabihf/c/</path>
         <kind>archive</kind>
         <file>libc.a</file>
         <name>fflush.c.obj</name>
      </input_file>
      <input_file id="fl-65">
         <path>/home/gabriela/ti/ccs1220/ccs/tools/compiler/ti-cgt-armllvm_2.1.2.LTS/lib/armv7r-ti-none-eabihf/c/</path>
         <kind>archive</kind>
         <file>libc.a</file>
         <name>fputs.c.obj</name>
      </input_file>
      <input_file id="fl-66">
         <path>/home/gabriela/ti/ccs1220/ccs/tools/compiler/ti-cgt-armllvm_2.1.2.LTS/lib/armv7r-ti-none-eabihf/c/</path>
         <kind>archive</kind>
         <file>libc.a</file>
         <name>_io_perm.c.obj</name>
      </input_file>
      <input_file id="fl-67">
         <path>/home/gabriela/ti/ccs1220/ccs/tools/compiler/ti-cgt-armllvm_2.1.2.LTS/lib/armv7r-ti-none-eabihf/c/</path>
         <kind>archive</kind>
         <file>libc.a</file>
         <name>setvbuf.c.obj</name>
      </input_file>
      <input_file id="fl-68">
         <path>/home/gabriela/ti/ccs1220/ccs/tools/compiler/ti-cgt-armllvm_2.1.2.LTS/lib/armv7r-ti-none-eabihf/c/</path>
         <kind>archive</kind>
         <file>libc.a</file>
         <name>s_frexp.c.obj</name>
      </input_file>
      <input_file id="fl-69">
         <path>/home/gabriela/ti/ccs1220/ccs/tools/compiler/ti-cgt-armllvm_2.1.2.LTS/lib/armv7r-ti-none-eabihf/c/</path>
         <kind>archive</kind>
         <file>libc.a</file>
         <name>aeabi_ctype.S.obj</name>
      </input_file>
      <input_file id="fl-6a">
         <path>/home/gabriela/ti/ccs1220/ccs/tools/compiler/ti-cgt-armllvm_2.1.2.LTS/lib/armv7r-ti-none-eabihf/c/</path>
         <kind>archive</kind>
         <file>libc.a</file>
         <name>_ltoa.c.obj</name>
      </input_file>
      <input_file id="fl-6b">
         <path>/home/gabriela/ti/ccs1220/ccs/tools/compiler/ti-cgt-armllvm_2.1.2.LTS/lib/armv7r-ti-none-eabihf/c/</path>
         <kind>archive</kind>
         <file>libc.a</file>
         <name>memccpy.c.obj</name>
      </input_file>
      <input_file id="fl-6c">
         <path>/home/gabriela/ti/ccs1220/ccs/tools/compiler/ti-cgt-armllvm_2.1.2.LTS/lib/armv7r-ti-none-eabihf/c/</path>
         <kind>archive</kind>
         <file>libc.a</file>
         <name>wcslen.c.obj</name>
      </input_file>
      <input_file id="fl-6d">
         <path>/home/gabriela/ti/ccs1220/ccs/tools/compiler/ti-cgt-armllvm_2.1.2.LTS/lib/armv7r-ti-none-eabihf/c/</path>
         <kind>archive</kind>
         <file>libc.a</file>
         <name>fopen.c.obj</name>
      </input_file>
      <input_file id="fl-6e">
         <path>/home/gabriela/ti/ccs1220/ccs/tools/compiler/ti-cgt-armllvm_2.1.2.LTS/lib/armv7r-ti-none-eabihf/c/</path>
         <kind>archive</kind>
         <file>libc.a</file>
         <name>fseek.c.obj</name>
      </input_file>
      <input_file id="fl-6f">
         <path>/home/gabriela/ti/ccs1220/ccs/tools/compiler/ti-cgt-armllvm_2.1.2.LTS/lib/armv7r-ti-none-eabihf/c/</path>
         <kind>archive</kind>
         <file>libc.a</file>
         <name>fclose.c.obj</name>
      </input_file>
      <input_file id="fl-7b">
         <path>/home/gabriela/ti/ccs1220/ccs/tools/compiler/ti-cgt-armllvm_2.1.2.LTS/lib/armv7r-ti-none-eabihf/c/</path>
         <kind>archive</kind>
         <file>libsysbm.a</file>
         <name>write.c.obj</name>
      </input_file>
      <input_file id="fl-7c">
         <path>/home/gabriela/ti/ccs1220/ccs/tools/compiler/ti-cgt-armllvm_2.1.2.LTS/lib/armv7r-ti-none-eabihf/c/</path>
         <kind>archive</kind>
         <file>libsysbm.a</file>
         <name>host_device.c.obj</name>
      </input_file>
      <input_file id="fl-7d">
         <path>/home/gabriela/ti/ccs1220/ccs/tools/compiler/ti-cgt-armllvm_2.1.2.LTS/lib/armv7r-ti-none-eabihf/c/</path>
         <kind>archive</kind>
         <file>libsysbm.a</file>
         <name>remove.c.obj</name>
      </input_file>
      <input_file id="fl-7e">
         <path>/home/gabriela/ti/ccs1220/ccs/tools/compiler/ti-cgt-armllvm_2.1.2.LTS/lib/armv7r-ti-none-eabihf/c/</path>
         <kind>archive</kind>
         <file>libsysbm.a</file>
         <name>open.c.obj</name>
      </input_file>
      <input_file id="fl-7f">
         <path>/home/gabriela/ti/ccs1220/ccs/tools/compiler/ti-cgt-armllvm_2.1.2.LTS/lib/armv7r-ti-none-eabihf/c/</path>
         <kind>archive</kind>
         <file>libsysbm.a</file>
         <name>lseek.c.obj</name>
      </input_file>
      <input_file id="fl-80">
         <path>/home/gabriela/ti/ccs1220/ccs/tools/compiler/ti-cgt-armllvm_2.1.2.LTS/lib/armv7r-ti-none-eabihf/c/</path>
         <kind>archive</kind>
         <file>libsysbm.a</file>
         <name>close.c.obj</name>
      </input_file>
      <input_file id="fl-81">
         <path>/home/gabriela/ti/ccs1220/ccs/tools/compiler/ti-cgt-armllvm_2.1.2.LTS/lib/armv7r-ti-none-eabihf/c/</path>
         <kind>archive</kind>
         <file>libsysbm.a</file>
         <name>unlink.c.obj</name>
      </input_file>
      <input_file id="fl-82">
         <path>/home/gabriela/ti/ccs1220/ccs/tools/compiler/ti-cgt-armllvm_2.1.2.LTS/lib/armv7r-ti-none-eabihf/c/</path>
         <kind>archive</kind>
         <file>libsysbm.a</file>
         <name>hostclose.c.obj</name>
      </input_file>
      <input_file id="fl-83">
         <path>/home/gabriela/ti/ccs1220/ccs/tools/compiler/ti-cgt-armllvm_2.1.2.LTS/lib/armv7r-ti-none-eabihf/c/</path>
         <kind>archive</kind>
         <file>libsysbm.a</file>
         <name>hostlseek.c.obj</name>
      </input_file>
      <input_file id="fl-84">
         <path>/home/gabriela/ti/ccs1220/ccs/tools/compiler/ti-cgt-armllvm_2.1.2.LTS/lib/armv7r-ti-none-eabihf/c/</path>
         <kind>archive</kind>
         <file>libsysbm.a</file>
         <name>hostopen.c.obj</name>
      </input_file>
      <input_file id="fl-85">
         <path>/home/gabriela/ti/ccs1220/ccs/tools/compiler/ti-cgt-armllvm_2.1.2.LTS/lib/armv7r-ti-none-eabihf/c/</path>
         <kind>archive</kind>
         <file>libsysbm.a</file>
         <name>hostread.c.obj</name>
      </input_file>
      <input_file id="fl-86">
         <path>/home/gabriela/ti/ccs1220/ccs/tools/compiler/ti-cgt-armllvm_2.1.2.LTS/lib/armv7r-ti-none-eabihf/c/</path>
         <kind>archive</kind>
         <file>libsysbm.a</file>
         <name>hostrename.c.obj</name>
      </input_file>
      <input_file id="fl-87">
         <path>/home/gabriela/ti/ccs1220/ccs/tools/compiler/ti-cgt-armllvm_2.1.2.LTS/lib/armv7r-ti-none-eabihf/c/</path>
         <kind>archive</kind>
         <file>libsysbm.a</file>
         <name>hostunlink.c.obj</name>
      </input_file>
      <input_file id="fl-88">
         <path>/home/gabriela/ti/ccs1220/ccs/tools/compiler/ti-cgt-armllvm_2.1.2.LTS/lib/armv7r-ti-none-eabihf/c/</path>
         <kind>archive</kind>
         <file>libsysbm.a</file>
         <name>hostwrite.c.obj</name>
      </input_file>
      <input_file id="fl-89">
         <path>/home/gabriela/ti/ccs1220/ccs/tools/compiler/ti-cgt-armllvm_2.1.2.LTS/lib/armv7r-ti-none-eabihf/c/</path>
         <kind>archive</kind>
         <file>libsysbm.a</file>
         <name>trgmsg.c.obj</name>
      </input_file>
      <input_file id="fl-b7">
         <path>/home/gabriela/ti/ccs1220/ccs/tools/compiler/ti-cgt-armllvm_2.1.2.LTS/lib/armv7r-ti-none-eabihf/c/</path>
         <kind>archive</kind>
         <file>libc.a</file>
         <name>getdevice.c.obj</name>
      </input_file>
      <input_file id="fl-b8">
         <path>/home/gabriela/ti/ccs1220/ccs/tools/compiler/ti-cgt-armllvm_2.1.2.LTS/lib/clang/14.0.6/lib/armv7r-ti-none-eabihf/</path>
         <kind>archive</kind>
         <file>libclang_rt.builtins.a</file>
         <name>divsi3.S.obj</name>
      </input_file>
      <input_file id="fl-b9">
         <path>/home/gabriela/ti/ccs1220/ccs/tools/compiler/ti-cgt-armllvm_2.1.2.LTS/lib/clang/14.0.6/lib/armv7r-ti-none-eabihf/</path>
         <kind>archive</kind>
         <file>libclang_rt.builtins.a</file>
         <name>udivsi3.S.obj</name>
      </input_file>
      <input_file id="fl-ba">
         <path>/home/gabriela/ti/ccs1220/ccs/tools/compiler/ti-cgt-armllvm_2.1.2.LTS/lib/clang/14.0.6/lib/armv7r-ti-none-eabihf/</path>
         <kind>archive</kind>
         <file>libclang_rt.builtins.a</file>
         <name>floatdisf.S.obj</name>
      </input_file>
      <input_file id="fl-bb">
         <path>/home/gabriela/ti/ccs1220/ccs/tools/compiler/ti-cgt-armllvm_2.1.2.LTS/lib/clang/14.0.6/lib/armv7r-ti-none-eabihf/</path>
         <kind>archive</kind>
         <file>libclang_rt.builtins.a</file>
         <name>aeabi_div0.c.obj</name>
      </input_file>
      <input_file id="fl-bc">
         <path>/home/gabriela/ti/ccs1220/ccs/tools/compiler/ti-cgt-armllvm_2.1.2.LTS/lib/clang/14.0.6/lib/armv7r-ti-none-eabihf/</path>
         <kind>archive</kind>
         <file>libclang_rt.builtins.a</file>
         <name>aeabi_memcpy.S.obj</name>
      </input_file>
      <input_file id="fl-bd">
         <path>/home/gabriela/ti/ccs1220/ccs/tools/compiler/ti-cgt-armllvm_2.1.2.LTS/lib/clang/14.0.6/lib/armv7r-ti-none-eabihf/</path>
         <kind>archive</kind>
         <file>libclang_rt.builtins.a</file>
         <name>aeabi_memset.S.obj</name>
      </input_file>
      <input_file id="fl-be">
         <path>/home/gabriela/ti/ccs1220/ccs/tools/compiler/ti-cgt-armllvm_2.1.2.LTS/lib/clang/14.0.6/lib/armv7r-ti-none-eabihf/</path>
         <kind>archive</kind>
         <file>libclang_rt.builtins.a</file>
         <name>aeabi_uldivmod.S.obj</name>
      </input_file>
      <input_file id="fl-bf">
         <path>/home/gabriela/ti/ccs1220/ccs/tools/compiler/ti-cgt-armllvm_2.1.2.LTS/lib/clang/14.0.6/lib/armv7r-ti-none-eabihf/</path>
         <kind>archive</kind>
         <file>libclang_rt.builtins.a</file>
         <name>udivmoddi4.S.obj</name>
      </input_file>
      <input_file id="fl-c0">
         <path>/home/gabriela/ti/ccs1220/ccs/tools/compiler/ti-cgt-armllvm_2.1.2.LTS/lib/armv7r-ti-none-eabihf/c/</path>
         <kind>archive</kind>
         <file>libsysbm.a</file>
         <name>memcpy32.S.obj</name>
      </input_file>
      <input_file id="fl-c1">
         <path>/home/gabriela/ti/ccs1220/ccs/tools/compiler/ti-cgt-armllvm_2.1.2.LTS/lib/armv7r-ti-none-eabihf/c/</path>
         <kind>archive</kind>
         <file>libsysbm.a</file>
         <name>memset32.S.obj</name>
      </input_file>
      <input_file id="fl-c2">
         <path>/home/gabriela/ti/mcu_plus_sdk_am64x_08_05_00_24/source/kernel/freertos/lib/</path>
         <kind>archive</kind>
         <file>freertos.am64x.r5f.ti-arm-clang.debug.lib</file>
         <name>CpuId_armv7r.obj</name>
      </input_file>
      <input_file id="fl-c3">
         <path>/home/gabriela/ti/mcu_plus_sdk_am64x_08_05_00_24/source/kernel/freertos/lib/</path>
         <kind>archive</kind>
         <file>freertos.am64x.r5f.ti-arm-clang.debug.lib</file>
         <name>AddrTranslateP.obj</name>
      </input_file>
      <input_file id="fl-c4">
         <path>/home/gabriela/ti/mcu_plus_sdk_am64x_08_05_00_24/source/kernel/freertos/lib/</path>
         <kind>archive</kind>
         <file>freertos.am64x.r5f.ti-arm-clang.debug.lib</file>
         <name>CpuId_armv7r_asm.obj</name>
      </input_file>
   </input_file_list>
   <object_component_list>
      <object_component id="oc-2c">
         <name>.vectors</name>
         <load_address>0x0</load_address>
         <run_address>0x0</run_address>
         <size>0x40</size>
         <input_file_ref idref="fl-34"/>
      </object_component>
      <object_component id="oc-6b">
         <name>.text.hwi</name>
         <load_address>0x40</load_address>
         <run_address>0x40</run_address>
         <size>0x5b8</size>
         <input_file_ref idref="fl-1f"/>
      </object_component>
      <object_component id="oc-4c">
         <name>.text.hwi</name>
         <load_address>0x600</load_address>
         <run_address>0x600</run_address>
         <size>0x3a8</size>
         <input_file_ref idref="fl-27"/>
      </object_component>
      <object_component id="oc-50">
         <name>.text.hwi</name>
         <load_address>0x9a8</load_address>
         <run_address>0x9a8</run_address>
         <size>0x1ec</size>
         <input_file_ref idref="fl-35"/>
      </object_component>
      <object_component id="oc-71">
         <name>.text.hwi</name>
         <load_address>0xb94</load_address>
         <run_address>0xb94</run_address>
         <size>0x70</size>
         <input_file_ref idref="fl-30"/>
      </object_component>
      <object_component id="oc-da">
         <name>.text.cache</name>
         <load_address>0xc10</load_address>
         <run_address>0xc10</run_address>
         <size>0x340</size>
         <input_file_ref idref="fl-32"/>
      </object_component>
      <object_component id="oc-88">
         <name>.text.cache</name>
         <load_address>0xf50</load_address>
         <run_address>0xf50</run_address>
         <size>0x158</size>
         <input_file_ref idref="fl-21"/>
      </object_component>
      <object_component id="oc-84">
         <name>.text.mpu</name>
         <load_address>0x10b0</load_address>
         <run_address>0x10b0</run_address>
         <size>0x246</size>
         <input_file_ref idref="fl-20"/>
      </object_component>
      <object_component id="oc-d6">
         <name>.text.mpu</name>
         <load_address>0x12f8</load_address>
         <run_address>0x12f8</run_address>
         <size>0x78</size>
         <input_file_ref idref="fl-31"/>
      </object_component>
      <object_component id="oc-48">
         <name>.text.boot</name>
         <load_address>0x1370</load_address>
         <run_address>0x1370</run_address>
         <size>0xfc</size>
         <input_file_ref idref="fl-37"/>
      </object_component>
      <object_component id="oc-b7">
         <name>.text.boot</name>
         <load_address>0x1470</load_address>
         <run_address>0x1470</run_address>
         <size>0x24</size>
         <input_file_ref idref="fl-1e"/>
      </object_component>
      <object_component id="oc-4ed">
         <name>.tramp.main.1</name>
         <load_address>0x1494</load_address>
         <run_address>0x1494</run_address>
         <size>0xc</size>
         <input_file_ref idref="fl-1"/>
      </object_component>
      <object_component id="oc-5a">
         <name>.text.boot</name>
         <load_address>0x14a0</load_address>
         <run_address>0x14a0</run_address>
         <size>0xc</size>
         <input_file_ref idref="fl-2"/>
      </object_component>
      <object_component id="oc-4ec">
         <name>.tramp.__TI_auto_init_nobinit_nopinit.1</name>
         <load_address>0x14ac</load_address>
         <run_address>0x14ac</run_address>
         <size>0x8</size>
         <input_file_ref idref="fl-61"/>
      </object_component>
      <object_component id="oc-4eb">
         <name>.tramp._system_pre_init.1</name>
         <load_address>0x14b4</load_address>
         <run_address>0x14b4</run_address>
         <size>0xc</size>
         <input_file_ref idref="fl-38"/>
      </object_component>
      <object_component id="oc-ba">
         <name>.text:abort</name>
         <load_address>0x14c0</load_address>
         <run_address>0x14c0</run_address>
         <size>0x8</size>
         <input_file_ref idref="fl-57"/>
      </object_component>
      <object_component id="oc-1c9">
         <name>.text.tarea2</name>
         <load_address>0xa033be80</load_address>
         <run_address>0xa033be80</run_address>
         <size>0x1296</size>
         <input_file_ref idref="fl-d"/>
      </object_component>
      <object_component id="oc-40c">
         <name>.text:__TI_printfi_nofloat</name>
         <load_address>0xa033d118</load_address>
         <run_address>0xa033d118</run_address>
         <size>0xde0</size>
         <input_file_ref idref="fl-63"/>
      </object_component>
      <object_component id="oc-207">
         <name>.text._nop</name>
         <load_address>0xa033def8</load_address>
         <run_address>0xa033def8</run_address>
         <size>0x4</size>
         <input_file_ref idref="fl-58"/>
      </object_component>
      <object_component id="oc-151">
         <name>.text</name>
         <load_address>0xa033defc</load_address>
         <run_address>0xa033defc</run_address>
         <size>0x4</size>
         <input_file_ref idref="fl-bc"/>
      </object_component>
      <object_component id="oc-1cd">
         <name>.text.tarea3</name>
         <load_address>0xa033df00</load_address>
         <run_address>0xa033df00</run_address>
         <size>0xd04</size>
         <input_file_ref idref="fl-d"/>
      </object_component>
      <object_component id="oc-456">
         <name>.text.__aeabi_errno_addr</name>
         <load_address>0xa033ec04</load_address>
         <run_address>0xa033ec04</run_address>
         <size>0xc</size>
         <input_file_ref idref="fl-56"/>
      </object_component>
      <object_component id="oc-1c4">
         <name>.text.tarea1</name>
         <load_address>0xa033ec10</load_address>
         <run_address>0xa033ec10</run_address>
         <size>0xbce</size>
         <input_file_ref idref="fl-d"/>
      </object_component>
      <object_component id="oc-316">
         <name>.text._vsnprintf</name>
         <load_address>0xa033f7e0</load_address>
         <run_address>0xa033f7e0</run_address>
         <size>0xa34</size>
         <input_file_ref idref="fl-22"/>
      </object_component>
      <object_component id="oc-45f">
         <name>.text.pow</name>
         <load_address>0xa0340218</load_address>
         <run_address>0xa0340218</run_address>
         <size>0x800</size>
         <input_file_ref idref="fl-53"/>
      </object_component>
      <object_component id="oc-4f9">
         <name>.tramp.vPortRestoreTaskContext.1</name>
         <load_address>0xa0340a18</load_address>
         <run_address>0xa0340a18</run_address>
         <size>0x8</size>
         <input_file_ref idref="fl-35"/>
      </object_component>
      <object_component id="oc-2ab">
         <name>.text.ProcesamientoSegmentoRR</name>
         <load_address>0xa0340a20</load_address>
         <run_address>0xa0340a20</run_address>
         <size>0x5bc</size>
         <input_file_ref idref="fl-d"/>
      </object_component>
      <object_component id="oc-3d3">
         <name>.text._ftoa</name>
         <load_address>0xa0340fe0</load_address>
         <run_address>0xa0340fe0</run_address>
         <size>0x51e</size>
         <input_file_ref idref="fl-22"/>
      </object_component>
      <object_component id="oc-3d4">
         <name>.text._etoa</name>
         <load_address>0xa0341500</load_address>
         <run_address>0xa0341500</run_address>
         <size>0x478</size>
         <input_file_ref idref="fl-22"/>
      </object_component>
      <object_component id="oc-4f8">
         <name>.tramp.HwiP_enable.1</name>
         <load_address>0xa0341978</load_address>
         <run_address>0xa0341978</run_address>
         <size>0x8</size>
         <input_file_ref idref="fl-30"/>
      </object_component>
      <object_component id="oc-10a">
         <name>.text.IpcNotify_init</name>
         <load_address>0xa0341980</load_address>
         <run_address>0xa0341980</run_address>
         <size>0x42a</size>
         <input_file_ref idref="fl-39"/>
      </object_component>
      <object_component id="oc-229">
         <name>.text.Sciclient_service</name>
         <load_address>0xa0341db0</load_address>
         <run_address>0xa0341db0</run_address>
         <size>0x2da</size>
         <input_file_ref idref="fl-3e"/>
      </object_component>
      <object_component id="oc-21d">
         <name>.text.TimerP_setup</name>
         <load_address>0xa0342090</load_address>
         <run_address>0xa0342090</run_address>
         <size>0x2ae</size>
         <input_file_ref idref="fl-36"/>
      </object_component>
      <object_component id="oc-35e">
         <name>.text.UART_open</name>
         <load_address>0xa0342340</load_address>
         <run_address>0xa0342340</run_address>
         <size>0x286</size>
         <input_file_ref idref="fl-42"/>
      </object_component>
      <object_component id="oc-4f7">
         <name>.tramp.HwiP_init.1</name>
         <load_address>0xa03425c8</load_address>
         <run_address>0xa03425c8</run_address>
         <size>0x8</size>
         <input_file_ref idref="fl-1f"/>
      </object_component>
      <object_component id="oc-314">
         <name>.text.xQueueSemaphoreTake</name>
         <load_address>0xa03425d0</load_address>
         <run_address>0xa03425d0</run_address>
         <size>0x24a</size>
         <input_file_ref idref="fl-2c"/>
      </object_component>
      <object_component id="oc-119">
         <name>.text.generarTareas</name>
         <load_address>0xa0342820</load_address>
         <run_address>0xa0342820</run_address>
         <size>0x246</size>
         <input_file_ref idref="fl-d"/>
      </object_component>
      <object_component id="oc-4f6">
         <name>.tramp.HwiP_inISR.1</name>
         <load_address>0xa0342a68</load_address>
         <run_address>0xa0342a68</run_address>
         <size>0x8</size>
         <input_file_ref idref="fl-1f"/>
      </object_component>
      <object_component id="oc-42d">
         <name>.text.UART_fifoConfig</name>
         <load_address>0xa0342a70</load_address>
         <run_address>0xa0342a70</run_address>
         <size>0x242</size>
         <input_file_ref idref="fl-42"/>
      </object_component>
      <object_component id="oc-388">
         <name>.text.abs</name>
         <load_address>0xa0342cb4</load_address>
         <run_address>0xa0342cb4</run_address>
         <size>0xc</size>
         <input_file_ref idref="fl-60"/>
      </object_component>
      <object_component id="oc-41d">
         <name>.text._ntoa_format</name>
         <load_address>0xa0342cc0</load_address>
         <run_address>0xa0342cc0</run_address>
         <size>0x23e</size>
         <input_file_ref idref="fl-22"/>
      </object_component>
      <object_component id="oc-31b">
         <name>.text.xQueueGenericSend</name>
         <load_address>0xa0342f00</load_address>
         <run_address>0xa0342f00</run_address>
         <size>0x22e</size>
         <input_file_ref idref="fl-2c"/>
      </object_component>
      <object_component id="oc-3f7">
         <name>.text.UART_masterIsr</name>
         <load_address>0xa0343130</load_address>
         <run_address>0xa0343130</run_address>
         <size>0x228</size>
         <input_file_ref idref="fl-42"/>
      </object_component>
      <object_component id="oc-4f5">
         <name>.tramp.CacheP_inv.1</name>
         <load_address>0xa0343358</load_address>
         <run_address>0xa0343358</run_address>
         <size>0x8</size>
         <input_file_ref idref="fl-21"/>
      </object_component>
      <object_component id="oc-2d6">
         <name>.text.find_arritmia</name>
         <load_address>0xa0343360</load_address>
         <run_address>0xa0343360</run_address>
         <size>0x210</size>
         <input_file_ref idref="fl-d"/>
      </object_component>
      <object_component id="oc-1c6">
         <name>.text.TaskP_construct</name>
         <load_address>0xa0343570</load_address>
         <run_address>0xa0343570</run_address>
         <size>0x20c</size>
         <input_file_ref idref="fl-29"/>
      </object_component>
      <object_component id="oc-296">
         <name>.text.EncontrarPuntoR</name>
         <load_address>0xa0343780</load_address>
         <run_address>0xa0343780</run_address>
         <size>0x20a</size>
         <input_file_ref idref="fl-d"/>
      </object_component>
      <object_component id="oc-28b">
         <name>.text.UART_write</name>
         <load_address>0xa0343990</load_address>
         <run_address>0xa0343990</run_address>
         <size>0x1ee</size>
         <input_file_ref idref="fl-42"/>
      </object_component>
      <object_component id="oc-3de">
         <name>.text.xQueueReceive</name>
         <load_address>0xa0343b80</load_address>
         <run_address>0xa0343b80</run_address>
         <size>0x1e2</size>
         <input_file_ref idref="fl-2c"/>
      </object_component>
      <object_component id="oc-463">
         <name>.text.sqrt</name>
         <load_address>0xa0343d68</load_address>
         <run_address>0xa0343d68</run_address>
         <size>0x1d8</size>
         <input_file_ref idref="fl-54"/>
      </object_component>
      <object_component id="oc-44c">
         <name>.text</name>
         <load_address>0xa0343f40</load_address>
         <run_address>0xa0343f40</run_address>
         <size>0x1d0</size>
         <input_file_ref idref="fl-b9"/>
      </object_component>
      <object_component id="oc-26a">
         <name>.text.UART_read</name>
         <load_address>0xa0344110</load_address>
         <run_address>0xa0344110</run_address>
         <size>0x1c8</size>
         <input_file_ref idref="fl-42"/>
      </object_component>
      <object_component id="oc-4f4">
         <name>.tramp.CacheP_wbInv.1</name>
         <load_address>0xa03442d8</load_address>
         <run_address>0xa03442d8</run_address>
         <size>0x8</size>
         <input_file_ref idref="fl-32"/>
      </object_component>
      <object_component id="oc-160">
         <name>.text.ClockP_init</name>
         <load_address>0xa03442e0</load_address>
         <run_address>0xa03442e0</run_address>
         <size>0x1c6</size>
         <input_file_ref idref="fl-25"/>
      </object_component>
      <object_component id="oc-4f3">
         <name>.tramp._DebugP_assertNoLog.1</name>
         <load_address>0xa03444a8</load_address>
         <run_address>0xa03444a8</run_address>
         <size>0x8</size>
         <input_file_ref idref="fl-1e"/>
      </object_component>
      <object_component id="oc-328">
         <name>.text.prvProcessReceivedCommands</name>
         <load_address>0xa03444b0</load_address>
         <run_address>0xa03444b0</run_address>
         <size>0x1c2</size>
         <input_file_ref idref="fl-2b"/>
      </object_component>
      <object_component id="oc-3b5">
         <name>.text.free</name>
         <load_address>0xa0344674</load_address>
         <run_address>0xa0344674</run_address>
         <size>0x1b8</size>
         <input_file_ref idref="fl-5c"/>
      </object_component>
      <object_component id="oc-230">
         <name>.text.SOC_moduleSetClockFrequency</name>
         <load_address>0xa0344830</load_address>
         <run_address>0xa0344830</run_address>
         <size>0x1b4</size>
         <input_file_ref idref="fl-41"/>
      </object_component>
      <object_component id="oc-4f2">
         <name>.tramp.HwiP_destruct.1</name>
         <load_address>0xa03449e4</load_address>
         <run_address>0xa03449e4</run_address>
         <size>0x8</size>
         <input_file_ref idref="fl-1f"/>
      </object_component>
      <object_component id="oc-3f8">
         <name>.text.UART_close</name>
         <load_address>0xa03449f0</load_address>
         <run_address>0xa03449f0</run_address>
         <size>0x1b0</size>
         <input_file_ref idref="fl-42"/>
      </object_component>
      <object_component id="oc-3e3">
         <name>.text.xTaskIncrementTick</name>
         <load_address>0xa0344ba0</load_address>
         <run_address>0xa0344ba0</run_address>
         <size>0x1ae</size>
         <input_file_ref idref="fl-2a"/>
      </object_component>
      <object_component id="oc-2c1">
         <name>.text.dbscan</name>
         <load_address>0xa0344d50</load_address>
         <run_address>0xa0344d50</run_address>
         <size>0x1a0</size>
         <input_file_ref idref="fl-d"/>
      </object_component>
      <object_component id="oc-25e">
         <name>.text.RPMessage_send</name>
         <load_address>0xa0344ef0</load_address>
         <run_address>0xa0344ef0</run_address>
         <size>0x192</size>
         <input_file_ref idref="fl-3b"/>
      </object_component>
      <object_component id="oc-4f1">
         <name>.tramp.HwiP_restore.1</name>
         <load_address>0xa0345084</load_address>
         <run_address>0xa0345084</run_address>
         <size>0x8</size>
         <input_file_ref idref="fl-30"/>
      </object_component>
      <object_component id="oc-429">
         <name>.text.xQueueGenericSendFromISR</name>
         <load_address>0xa0345090</load_address>
         <run_address>0xa0345090</run_address>
         <size>0x192</size>
         <input_file_ref idref="fl-2c"/>
      </object_component>
      <object_component id="oc-4f0">
         <name>.tramp.HwiP_construct.1</name>
         <load_address>0xa0345224</load_address>
         <run_address>0xa0345224</run_address>
         <size>0x8</size>
         <input_file_ref idref="fl-1f"/>
      </object_component>
      <object_component id="oc-7d">
         <name>.text.vTaskSwitchContext</name>
         <load_address>0xa0345230</load_address>
         <run_address>0xa0345230</run_address>
         <size>0x188</size>
         <input_file_ref idref="fl-2a"/>
      </object_component>
      <object_component id="oc-4ef">
         <name>.tramp.HwiP_Params_init.1</name>
         <load_address>0xa03453b8</load_address>
         <run_address>0xa03453b8</run_address>
         <size>0x8</size>
         <input_file_ref idref="fl-1f"/>
      </object_component>
      <object_component id="oc-352">
         <name>.text.RPMessage_vringResetInternal</name>
         <load_address>0xa03453c0</load_address>
         <run_address>0xa03453c0</run_address>
         <size>0x182</size>
         <input_file_ref idref="fl-3c"/>
      </object_component>
      <object_component id="oc-4ee">
         <name>.tramp.HwiP_disable.1</name>
         <load_address>0xa0345544</load_address>
         <run_address>0xa0345544</run_address>
         <size>0x8</size>
         <input_file_ref idref="fl-30"/>
      </object_component>
      <object_component id="oc-3ab">
         <name>.text.xTaskResumeAll</name>
         <load_address>0xa0345550</load_address>
         <run_address>0xa0345550</run_address>
         <size>0x180</size>
         <input_file_ref idref="fl-2a"/>
      </object_component>
      <object_component id="oc-113">
         <name>.text.RPMessage_init</name>
         <load_address>0xa03456d0</load_address>
         <run_address>0xa03456d0</run_address>
         <size>0x17c</size>
         <input_file_ref idref="fl-3b"/>
      </object_component>
      <object_component id="oc-267">
         <name>.text.RPMessage_recv</name>
         <load_address>0xa0345850</load_address>
         <run_address>0xa0345850</run_address>
         <size>0x17a</size>
         <input_file_ref idref="fl-3b"/>
      </object_component>
      <object_component id="oc-3f5">
         <name>.text.UART_configInstance</name>
         <load_address>0xa03459d0</load_address>
         <run_address>0xa03459d0</run_address>
         <size>0x178</size>
         <input_file_ref idref="fl-42"/>
      </object_component>
      <object_component id="oc-31a">
         <name>.text.xQueueGiveFromISR</name>
         <load_address>0xa0345b50</load_address>
         <run_address>0xa0345b50</run_address>
         <size>0x16e</size>
         <input_file_ref idref="fl-2c"/>
      </object_component>
      <object_component id="oc-323">
         <name>.text.xQueueGenericCreateStatic</name>
         <load_address>0xa0345cc0</load_address>
         <run_address>0xa0345cc0</run_address>
         <size>0x16a</size>
         <input_file_ref idref="fl-2c"/>
      </object_component>
      <object_component id="oc-3ad">
         <name>.text.expand_cluster</name>
         <load_address>0xa0345e30</load_address>
         <run_address>0xa0345e30</run_address>
         <size>0x15e</size>
         <input_file_ref idref="fl-d"/>
      </object_component>
      <object_component id="oc-3cc">
         <name>.text.vTaskPriorityDisinheritAfterTimeout</name>
         <load_address>0xa0345f90</load_address>
         <run_address>0xa0345f90</run_address>
         <size>0x154</size>
         <input_file_ref idref="fl-2a"/>
      </object_component>
      <object_component id="oc-43a">
         <name>.text.UART_procLineStatusErr</name>
         <load_address>0xa03460f0</load_address>
         <run_address>0xa03460f0</run_address>
         <size>0x150</size>
         <input_file_ref idref="fl-42"/>
      </object_component>
      <object_component id="oc-11f">
         <name>.text.prvInitialiseNewTask</name>
         <load_address>0xa0346240</load_address>
         <run_address>0xa0346240</run_address>
         <size>0x14e</size>
         <input_file_ref idref="fl-2a"/>
      </object_component>
      <object_component id="oc-341">
         <name>.text.Sciclient_sendMessage</name>
         <load_address>0xa0346390</load_address>
         <run_address>0xa0346390</run_address>
         <size>0x142</size>
         <input_file_ref idref="fl-3e"/>
      </object_component>
      <object_component id="oc-48d">
         <name>.text.scalbn</name>
         <load_address>0xa03464d8</load_address>
         <run_address>0xa03464d8</run_address>
         <size>0x140</size>
         <input_file_ref idref="fl-55"/>
      </object_component>
      <object_component id="oc-312">
         <name>.text.xQueueReceiveFromISR</name>
         <load_address>0xa0346620</load_address>
         <run_address>0xa0346620</run_address>
         <size>0x140</size>
         <input_file_ref idref="fl-2c"/>
      </object_component>
      <object_component id="oc-41c">
         <name>.text.DebugP_memLogWriterPutChar</name>
         <load_address>0xa0346760</load_address>
         <run_address>0xa0346760</run_address>
         <size>0x13a</size>
         <input_file_ref idref="fl-1d"/>
      </object_component>
      <object_component id="oc-3d1">
         <name>.text._ntoa_long_long</name>
         <load_address>0xa03468a0</load_address>
         <run_address>0xa03468a0</run_address>
         <size>0x138</size>
         <input_file_ref idref="fl-22"/>
      </object_component>
      <object_component id="oc-241">
         <name>.text.RPMessage_vringReset</name>
         <load_address>0xa03469e0</load_address>
         <run_address>0xa03469e0</run_address>
         <size>0x134</size>
         <input_file_ref idref="fl-3c"/>
      </object_component>
      <object_component id="oc-344">
         <name>.text.Sciclient_recvMessage</name>
         <load_address>0xa0346b20</load_address>
         <run_address>0xa0346b20</run_address>
         <size>0x130</size>
         <input_file_ref idref="fl-3e"/>
      </object_component>
      <object_component id="oc-a1">
         <name>.text.System_init</name>
         <load_address>0xa0346c50</load_address>
         <run_address>0xa0346c50</run_address>
         <size>0x12e</size>
         <input_file_ref idref="fl-3"/>
      </object_component>
      <object_component id="oc-258">
         <name>.text.RPMessage_vringResetLinux</name>
         <load_address>0xa0346d80</load_address>
         <run_address>0xa0346d80</run_address>
         <size>0x12a</size>
         <input_file_ref idref="fl-3c"/>
      </object_component>
      <object_component id="oc-34d">
         <name>.text.Sciclient_pmQueryModuleClkFreq</name>
         <load_address>0xa0346eb0</load_address>
         <run_address>0xa0346eb0</run_address>
         <size>0x12a</size>
         <input_file_ref idref="fl-45"/>
      </object_component>
      <object_component id="oc-1e1">
         <name>.text.pxPortInitialiseStack</name>
         <load_address>0xa0346fe0</load_address>
         <run_address>0xa0346fe0</run_address>
         <size>0x128</size>
         <input_file_ref idref="fl-2f"/>
      </object_component>
      <object_component id="oc-248">
         <name>.text.RPMessage_recvHandler</name>
         <load_address>0xa0347110</load_address>
         <run_address>0xa0347110</run_address>
         <size>0x11e</size>
         <input_file_ref idref="fl-3b"/>
      </object_component>
      <object_component id="oc-46c">
         <name>.text.eTaskGetState</name>
         <load_address>0xa0347230</load_address>
         <run_address>0xa0347230</run_address>
         <size>0x11e</size>
         <input_file_ref idref="fl-2a"/>
      </object_component>
      <object_component id="oc-3d9">
         <name>.text.TaskP_loadUpdateAll</name>
         <load_address>0xa0347350</load_address>
         <run_address>0xa0347350</run_address>
         <size>0x118</size>
         <input_file_ref idref="fl-29"/>
      </object_component>
      <object_component id="oc-1e7">
         <name>.text</name>
         <load_address>0xa0347468</load_address>
         <run_address>0xa0347468</run_address>
         <size>0x118</size>
         <input_file_ref idref="fl-bf"/>
      </object_component>
      <object_component id="oc-42f">
         <name>.text.UART_divisorLatchWrite</name>
         <load_address>0xa0347580</load_address>
         <run_address>0xa0347580</run_address>
         <size>0x116</size>
         <input_file_ref idref="fl-42"/>
      </object_component>
      <object_component id="oc-3d2">
         <name>.text._ntoa_long</name>
         <load_address>0xa03476a0</load_address>
         <run_address>0xa03476a0</run_address>
         <size>0x114</size>
         <input_file_ref idref="fl-22"/>
      </object_component>
      <object_component id="oc-34e">
         <name>.text.Sciclient_pmSetModuleClkFreq</name>
         <load_address>0xa03477c0</load_address>
         <run_address>0xa03477c0</run_address>
         <size>0x110</size>
         <input_file_ref idref="fl-45"/>
      </object_component>
      <object_component id="oc-120">
         <name>.text.prvAddNewTaskToReadyList</name>
         <load_address>0xa03478d0</load_address>
         <run_address>0xa03478d0</run_address>
         <size>0x10e</size>
         <input_file_ref idref="fl-2a"/>
      </object_component>
      <object_component id="oc-11e">
         <name>.text.vTaskDelete</name>
         <load_address>0xa03479e0</load_address>
         <run_address>0xa03479e0</run_address>
         <size>0x10e</size>
         <input_file_ref idref="fl-2a"/>
      </object_component>
      <object_component id="oc-421">
         <name>.text.xTaskPriorityDisinherit</name>
         <load_address>0xa0347af0</load_address>
         <run_address>0xa0347af0</run_address>
         <size>0x10e</size>
         <input_file_ref idref="fl-2a"/>
      </object_component>
      <object_component id="oc-3c8">
         <name>.text.xTaskPriorityInherit</name>
         <load_address>0xa0347c00</load_address>
         <run_address>0xa0347c00</run_address>
         <size>0x10e</size>
         <input_file_ref idref="fl-2a"/>
      </object_component>
      <object_component id="oc-2ad">
         <name>.text.DefinicionUmbrales</name>
         <load_address>0xa0347d10</load_address>
         <run_address>0xa0347d10</run_address>
         <size>0x10c</size>
         <input_file_ref idref="fl-d"/>
      </object_component>
      <object_component id="oc-28d">
         <name>.text.FiltroPasaBanda</name>
         <load_address>0xa0347e20</load_address>
         <run_address>0xa0347e20</run_address>
         <size>0x10a</size>
         <input_file_ref idref="fl-d"/>
      </object_component>
      <object_component id="oc-3af">
         <name>.text.expand_cluster_2</name>
         <load_address>0xa0347f30</load_address>
         <run_address>0xa0347f30</run_address>
         <size>0x10a</size>
         <input_file_ref idref="fl-d"/>
      </object_component>
      <object_component id="oc-af">
         <name>.text.xTaskCreateStatic</name>
         <load_address>0xa0348040</load_address>
         <run_address>0xa0348040</run_address>
         <size>0x10a</size>
         <input_file_ref idref="fl-2a"/>
      </object_component>
      <object_component id="oc-2c9">
         <name>.text.dbscan_2</name>
         <load_address>0xa0348150</load_address>
         <run_address>0xa0348150</run_address>
         <size>0xf4</size>
         <input_file_ref idref="fl-d"/>
      </object_component>
      <object_component id="oc-b6">
         <name>.text.vTaskStartScheduler</name>
         <load_address>0xa0348250</load_address>
         <run_address>0xa0348250</run_address>
         <size>0xf2</size>
         <input_file_ref idref="fl-2a"/>
      </object_component>
      <object_component id="oc-3b4">
         <name>.text.IpcNotify_sendMsg</name>
         <load_address>0xa0348350</load_address>
         <run_address>0xa0348350</run_address>
         <size>0xf0</size>
         <input_file_ref idref="fl-39"/>
      </object_component>
      <object_component id="oc-3c6">
         <name>.text.xTaskCheckForTimeOut</name>
         <load_address>0xa0348440</load_address>
         <run_address>0xa0348440</run_address>
         <size>0xee</size>
         <input_file_ref idref="fl-2a"/>
      </object_component>
      <object_component id="oc-167">
         <name>.text.AddrTranslateP_getLocalAddr</name>
         <load_address>0xa0348530</load_address>
         <run_address>0xa0348530</run_address>
         <size>0xea</size>
         <input_file_ref idref="fl-c3"/>
      </object_component>
      <object_component id="oc-46b">
         <name>.text.DebugP_memTraceLogWriterPutLine</name>
         <load_address>0xa0348620</load_address>
         <run_address>0xa0348620</run_address>
         <size>0xe4</size>
         <input_file_ref idref="fl-1d"/>
      </object_component>
      <object_component id="oc-427">
         <name>.text.prvSwitchTimerLists</name>
         <load_address>0xa0348710</load_address>
         <run_address>0xa0348710</run_address>
         <size>0xe2</size>
         <input_file_ref idref="fl-2b"/>
      </object_component>
      <object_component id="oc-422">
         <name>.text.vTaskGetInfo</name>
         <load_address>0xa0348800</load_address>
         <run_address>0xa0348800</run_address>
         <size>0xe2</size>
         <input_file_ref idref="fl-2a"/>
      </object_component>
      <object_component id="oc-342">
         <name>.text.Sciclient_waitForMessage</name>
         <load_address>0xa03488f0</load_address>
         <run_address>0xa03488f0</run_address>
         <size>0xde</size>
         <input_file_ref idref="fl-3e"/>
      </object_component>
      <object_component id="oc-3fc">
         <name>.text.UART_intrEnable</name>
         <load_address>0xa03489d0</load_address>
         <run_address>0xa03489d0</run_address>
         <size>0xde</size>
         <input_file_ref idref="fl-42"/>
      </object_component>
      <object_component id="oc-356">
         <name>.text.RPMessage_vringGetFullRxBuf</name>
         <load_address>0xa0348ab0</load_address>
         <run_address>0xa0348ab0</run_address>
         <size>0xdc</size>
         <input_file_ref idref="fl-3c"/>
      </object_component>
      <object_component id="oc-3c3">
         <name>.text.xTaskRemoveFromEventList</name>
         <load_address>0xa0348b90</load_address>
         <run_address>0xa0348b90</run_address>
         <size>0xdc</size>
         <input_file_ref idref="fl-2a"/>
      </object_component>
      <object_component id="oc-3fa">
         <name>.text.UART_intrDisable</name>
         <load_address>0xa0348c70</load_address>
         <run_address>0xa0348c70</run_address>
         <size>0xda</size>
         <input_file_ref idref="fl-42"/>
      </object_component>
      <object_component id="oc-359">
         <name>.text.RPMessage_vringPutEmptyRxBuf</name>
         <load_address>0xa0348d50</load_address>
         <run_address>0xa0348d50</run_address>
         <size>0xd6</size>
         <input_file_ref idref="fl-3c"/>
      </object_component>
      <object_component id="oc-231">
         <name>.text.Pinmux_unlockMMR</name>
         <load_address>0xa0348e30</load_address>
         <run_address>0xa0348e30</run_address>
         <size>0xd4</size>
         <input_file_ref idref="fl-3d"/>
      </object_component>
      <object_component id="oc-41a">
         <name>.text.prvAddCurrentTaskToDelayedList</name>
         <load_address>0xa0348f10</load_address>
         <run_address>0xa0348f10</run_address>
         <size>0xd4</size>
         <input_file_ref idref="fl-2a"/>
      </object_component>
      <object_component id="oc-1b8">
         <name>.text.RPMessage_waitForLinuxReady</name>
         <load_address>0xa0348ff0</load_address>
         <run_address>0xa0348ff0</run_address>
         <size>0xd0</size>
         <input_file_ref idref="fl-3b"/>
      </object_component>
      <object_component id="oc-3ac">
         <name>.text.get_neighbors</name>
         <load_address>0xa03490c0</load_address>
         <run_address>0xa03490c0</run_address>
         <size>0xd0</size>
         <input_file_ref idref="fl-d"/>
      </object_component>
      <object_component id="oc-19e">
         <name>.text.IpcNotify_isr</name>
         <load_address>0xa0349190</load_address>
         <run_address>0xa0349190</run_address>
         <size>0xcc</size>
         <input_file_ref idref="fl-39"/>
      </object_component>
      <object_component id="oc-43c">
         <name>.text.UART_flushTxFifo</name>
         <load_address>0xa0349260</load_address>
         <run_address>0xa0349260</run_address>
         <size>0xcc</size>
         <input_file_ref idref="fl-42"/>
      </object_component>
      <object_component id="oc-3d6">
         <name>.text.prvCopyDataToQueue</name>
         <load_address>0xa0349330</load_address>
         <run_address>0xa0349330</run_address>
         <size>0xcc</size>
         <input_file_ref idref="fl-2c"/>
      </object_component>
      <object_component id="oc-366">
         <name>.text.RPMessage_vringGetEmptyTxBuf</name>
         <load_address>0xa0349400</load_address>
         <run_address>0xa0349400</run_address>
         <size>0xc8</size>
         <input_file_ref idref="fl-3c"/>
      </object_component>
      <object_component id="oc-1bc">
         <name>.text.RPMessage_construct</name>
         <load_address>0xa03494d0</load_address>
         <run_address>0xa03494d0</run_address>
         <size>0xc6</size>
         <input_file_ref idref="fl-3b"/>
      </object_component>
      <object_component id="oc-1a6">
         <name>.text.RPMessage_coreInit</name>
         <load_address>0xa03495a0</load_address>
         <run_address>0xa03495a0</run_address>
         <size>0xc6</size>
         <input_file_ref idref="fl-3b"/>
      </object_component>
      <object_component id="oc-378">
         <name>.text.UART_writePolling</name>
         <load_address>0xa0349670</load_address>
         <run_address>0xa0349670</run_address>
         <size>0xc2</size>
         <input_file_ref idref="fl-42"/>
      </object_component>
      <object_component id="oc-41f">
         <name>.text._out_rev</name>
         <load_address>0xa0349740</load_address>
         <run_address>0xa0349740</run_address>
         <size>0xc0</size>
         <input_file_ref idref="fl-22"/>
      </object_component>
      <object_component id="oc-3e0">
         <name>.text.xTimerGenericCommand</name>
         <load_address>0xa0349800</load_address>
         <run_address>0xa0349800</run_address>
         <size>0xbe</size>
         <input_file_ref idref="fl-2b"/>
      </object_component>
      <object_component id="oc-2f2">
         <name>.text.IpcNotify_waitSync</name>
         <load_address>0xa03498c0</load_address>
         <run_address>0xa03498c0</run_address>
         <size>0xba</size>
         <input_file_ref idref="fl-39"/>
      </object_component>
      <object_component id="oc-1a9">
         <name>.text.UART_init</name>
         <load_address>0xa0349980</load_address>
         <run_address>0xa0349980</run_address>
         <size>0xba</size>
         <input_file_ref idref="fl-42"/>
      </object_component>
      <object_component id="oc-293">
         <name>.text.MovingWindowIntegral</name>
         <load_address>0xa0349a40</load_address>
         <run_address>0xa0349a40</run_address>
         <size>0xb6</size>
         <input_file_ref idref="fl-d"/>
      </object_component>
      <object_component id="oc-373">
         <name>.text.UART_readPolling</name>
         <load_address>0xa0349b00</load_address>
         <run_address>0xa0349b00</run_address>
         <size>0xb6</size>
         <input_file_ref idref="fl-42"/>
      </object_component>
      <object_component id="oc-425">
         <name>.text.xQueueGenericReset</name>
         <load_address>0xa0349bc0</load_address>
         <run_address>0xa0349bc0</run_address>
         <size>0xb4</size>
         <input_file_ref idref="fl-2c"/>
      </object_component>
      <object_component id="oc-339">
         <name>.text.Sciclient_getCurrentContext</name>
         <load_address>0xa0349c80</load_address>
         <run_address>0xa0349c80</run_address>
         <size>0xb2</size>
         <input_file_ref idref="fl-3e"/>
      </object_component>
      <object_component id="oc-250">
         <name>.text.Drivers_uartOpen</name>
         <load_address>0xa0349d40</load_address>
         <run_address>0xa0349d40</run_address>
         <size>0xb0</size>
         <input_file_ref idref="fl-4"/>
      </object_component>
      <object_component id="oc-3ca">
         <name>.text.prvUnlockQueue</name>
         <load_address>0xa0349df0</load_address>
         <run_address>0xa0349df0</run_address>
         <size>0xae</size>
         <input_file_ref idref="fl-2c"/>
      </object_component>
      <object_component id="oc-372">
         <name>.text.UART_readCancelNoCB</name>
         <load_address>0xa0349ea0</load_address>
         <run_address>0xa0349ea0</run_address>
         <size>0xac</size>
         <input_file_ref idref="fl-42"/>
      </object_component>
      <object_component id="oc-1cf">
         <name>.text.IpcNotify_syncAll</name>
         <load_address>0xa0349f50</load_address>
         <run_address>0xa0349f50</run_address>
         <size>0xaa</size>
         <input_file_ref idref="fl-39"/>
      </object_component>
      <object_component id="oc-445">
         <name>.text.UART_fifoWrite</name>
         <load_address>0xa034a000</load_address>
         <run_address>0xa034a000</run_address>
         <size>0xaa</size>
         <input_file_ref idref="fl-42"/>
      </object_component>
      <object_component id="oc-349">
         <name>.text.Sciclient_pmGetModuleClkNumParent</name>
         <load_address>0xa034a0b0</load_address>
         <run_address>0xa034a0b0</run_address>
         <size>0xa6</size>
         <input_file_ref idref="fl-45"/>
      </object_component>
      <object_component id="oc-f8">
         <name>.text.pmu</name>
         <load_address>0xa034a160</load_address>
         <run_address>0xa034a160</run_address>
         <size>0xa2</size>
         <input_file_ref idref="fl-23"/>
      </object_component>
      <object_component id="oc-1fe">
         <name>.text.prvCheckForValidListAndQueue</name>
         <load_address>0xa034a210</load_address>
         <run_address>0xa034a210</run_address>
         <size>0xa2</size>
         <input_file_ref idref="fl-2b"/>
      </object_component>
      <object_component id="oc-135">
         <name>.text.xTimerCreateTimerTask</name>
         <load_address>0xa034a2c0</load_address>
         <run_address>0xa034a2c0</run_address>
         <size>0xa2</size>
         <input_file_ref idref="fl-2b"/>
      </object_component>
      <object_component id="oc-369">
         <name>.text.RPMessage_vringPutFullTxBuf</name>
         <load_address>0xa034a370</load_address>
         <run_address>0xa034a370</run_address>
         <size>0x9e</size>
         <input_file_ref idref="fl-3c"/>
      </object_component>
      <object_component id="oc-171">
         <name>.text.Sciclient_getContext</name>
         <load_address>0xa034a410</load_address>
         <run_address>0xa034a410</run_address>
         <size>0x9e</size>
         <input_file_ref idref="fl-40"/>
      </object_component>
      <object_component id="oc-189">
         <name>.text.Pinmux_config</name>
         <load_address>0xa034a4b0</load_address>
         <run_address>0xa034a4b0</run_address>
         <size>0x9c</size>
         <input_file_ref idref="fl-3d"/>
      </object_component>
      <object_component id="oc-3dc">
         <name>.text.prvProcessExpiredTimer</name>
         <load_address>0xa034a550</load_address>
         <run_address>0xa034a550</run_address>
         <size>0x9c</size>
         <input_file_ref idref="fl-2b"/>
      </object_component>
      <object_component id="oc-15e">
         <name>.text.SOC_controlModuleUnlockMMR</name>
         <load_address>0xa034a5f0</load_address>
         <run_address>0xa034a5f0</run_address>
         <size>0x9a</size>
         <input_file_ref idref="fl-41"/>
      </object_component>
      <object_component id="oc-176">
         <name>.text.Sciclient_pmGetModuleClkFreq</name>
         <load_address>0xa034a690</load_address>
         <run_address>0xa034a690</run_address>
         <size>0x9a</size>
         <input_file_ref idref="fl-45"/>
      </object_component>
      <object_component id="oc-34a">
         <name>.text.Sciclient_pmGetModuleClkParent</name>
         <load_address>0xa034a730</load_address>
         <run_address>0xa034a730</run_address>
         <size>0x9a</size>
         <input_file_ref idref="fl-45"/>
      </object_component>
      <object_component id="oc-34c">
         <name>.text.Sciclient_pmSetModuleClkParent</name>
         <load_address>0xa034a7d0</load_address>
         <run_address>0xa034a7d0</run_address>
         <size>0x9a</size>
         <input_file_ref idref="fl-45"/>
      </object_component>
      <object_component id="oc-348">
         <name>.text.Sciclient_pmModuleGetClkStatus</name>
         <load_address>0xa034a870</load_address>
         <run_address>0xa034a870</run_address>
         <size>0x98</size>
         <input_file_ref idref="fl-45"/>
      </object_component>
      <object_component id="oc-64">
         <name>.text.main</name>
         <load_address>0xa034a910</load_address>
         <run_address>0xa034a910</run_address>
         <size>0x98</size>
         <input_file_ref idref="fl-1"/>
      </object_component>
      <object_component id="oc-ee">
         <name>.text.Sciclient_init</name>
         <load_address>0xa034a9b0</load_address>
         <run_address>0xa034a9b0</run_address>
         <size>0x96</size>
         <input_file_ref idref="fl-3e"/>
      </object_component>
      <object_component id="oc-472">
         <name>.text.UART_subConfigTCRTLRModeEn</name>
         <load_address>0xa034aa50</load_address>
         <run_address>0xa034aa50</run_address>
         <size>0x96</size>
         <input_file_ref idref="fl-42"/>
      </object_component>
      <object_component id="oc-22e">
         <name>.text.SOC_moduleClockEnable</name>
         <load_address>0xa034aaf0</load_address>
         <run_address>0xa034aaf0</run_address>
         <size>0x92</size>
         <input_file_ref idref="fl-41"/>
      </object_component>
      <object_component id="oc-23e">
         <name>.text.SemaphoreP_constructBinary</name>
         <load_address>0xa034ab90</load_address>
         <run_address>0xa034ab90</run_address>
         <size>0x92</size>
         <input_file_ref idref="fl-26"/>
      </object_component>
      <object_component id="oc-377">
         <name>.text.UART_writeCancelNoCB</name>
         <load_address>0xa034ac30</load_address>
         <run_address>0xa034ac30</run_address>
         <size>0x92</size>
         <input_file_ref idref="fl-42"/>
      </object_component>
      <object_component id="oc-12b">
         <name>.text._DebugP_logZone</name>
         <load_address>0xa034acd0</load_address>
         <run_address>0xa034acd0</run_address>
         <size>0x92</size>
         <input_file_ref idref="fl-28"/>
      </object_component>
      <object_component id="oc-3ae">
         <name>.text.get_neighbors_2</name>
         <load_address>0xa034ad70</load_address>
         <run_address>0xa034ad70</run_address>
         <size>0x8e</size>
         <input_file_ref idref="fl-d"/>
      </object_component>
      <object_component id="oc-1e2">
         <name>.text.prvInitialiseTaskLists</name>
         <load_address>0xa034ae00</load_address>
         <run_address>0xa034ae00</run_address>
         <size>0x8e</size>
         <input_file_ref idref="fl-2a"/>
      </object_component>
      <object_component id="oc-345">
         <name>.text.Sciclient_pmGetModuleState</name>
         <load_address>0xa034ae90</load_address>
         <run_address>0xa034ae90</run_address>
         <size>0x8c</size>
         <input_file_ref idref="fl-45"/>
      </object_component>
      <object_component id="oc-34b">
         <name>.text.Sciclient_pmModuleClkRequest</name>
         <load_address>0xa034af20</load_address>
         <run_address>0xa034af20</run_address>
         <size>0x8c</size>
         <input_file_ref idref="fl-45"/>
      </object_component>
      <object_component id="oc-346">
         <name>.text.Sciclient_pmSetModuleState</name>
         <load_address>0xa034afb0</load_address>
         <run_address>0xa034afb0</run_address>
         <size>0x8c</size>
         <input_file_ref idref="fl-45"/>
      </object_component>
      <object_component id="oc-121">
         <name>.text.ClockP_getTimeUsec</name>
         <load_address>0xa034b040</load_address>
         <run_address>0xa034b040</run_address>
         <size>0x88</size>
         <input_file_ref idref="fl-24"/>
      </object_component>
      <object_component id="oc-36a">
         <name>.text.RPMessage_getEndPtMsg</name>
         <load_address>0xa034b0d0</load_address>
         <run_address>0xa034b0d0</run_address>
         <size>0x86</size>
         <input_file_ref idref="fl-3b"/>
      </object_component>
      <object_component id="oc-474">
         <name>.text.UART_tcrTlrBitValRestore</name>
         <load_address>0xa034b160</load_address>
         <run_address>0xa034b160</run_address>
         <size>0x86</size>
         <input_file_ref idref="fl-42"/>
      </object_component>
      <object_component id="oc-3df">
         <name>.text.prvInsertTimerInActiveList</name>
         <load_address>0xa034b1f0</load_address>
         <run_address>0xa034b1f0</run_address>
         <size>0x86</size>
         <input_file_ref idref="fl-2b"/>
      </object_component>
      <object_component id="oc-327">
         <name>.text.prvProcessTimerOrBlockTask</name>
         <load_address>0xa034b280</load_address>
         <run_address>0xa034b280</run_address>
         <size>0x86</size>
         <input_file_ref idref="fl-2b"/>
      </object_component>
      <object_component id="oc-3ff">
         <name>.text.UART_dmaDisableChannel</name>
         <load_address>0xa034b310</load_address>
         <run_address>0xa034b310</run_address>
         <size>0x84</size>
         <input_file_ref idref="fl-43"/>
      </object_component>
      <object_component id="oc-1f1">
         <name>.text.SemaphoreP_pend</name>
         <load_address>0xa034b3a0</load_address>
         <run_address>0xa034b3a0</run_address>
         <size>0x82</size>
         <input_file_ref idref="fl-26"/>
      </object_component>
      <object_component id="oc-1a8">
         <name>.text.RPMessage_notifyCallback</name>
         <load_address>0xa034b430</load_address>
         <run_address>0xa034b430</run_address>
         <size>0x80</size>
         <input_file_ref idref="fl-3b"/>
      </object_component>
      <object_component id="oc-43e">
         <name>.text.UART_dmaClose</name>
         <load_address>0xa034b4b0</load_address>
         <run_address>0xa034b4b0</run_address>
         <size>0x80</size>
         <input_file_ref idref="fl-43"/>
      </object_component>
      <object_component id="oc-3fb">
         <name>.text.UART_readData</name>
         <load_address>0xa034b530</load_address>
         <run_address>0xa034b530</run_address>
         <size>0x80</size>
         <input_file_ref idref="fl-42"/>
      </object_component>
      <object_component id="oc-199">
         <name>.text.IpcNotify_getReadMailbox</name>
         <load_address>0xa034b5b0</load_address>
         <run_address>0xa034b5b0</run_address>
         <size>0x7e</size>
         <input_file_ref idref="fl-39"/>
      </object_component>
      <object_component id="oc-311">
         <name>.text.xQueueTakeMutexRecursive</name>
         <load_address>0xa034b630</load_address>
[...]
         <object_component_ref idref="oc-358"/>
      </symbol>
      <symbol id="sm-6b5">
         <name>RPMessage_putEndPtMsg</name>
         <value>0xa034df21</value>
         <object_component_ref idref="oc-35a"/>
      </symbol>
      <symbol id="sm-6b6">
         <name>RPMessage_getEndPtMsg</name>
         <value>0xa034b0d1</value>
         <object_component_ref idref="oc-36a"/>
      </symbol>
      <symbol id="sm-6b7">
         <name>RPMessage_recvHandler</name>
         <value>0xa0347111</value>
         <object_component_ref idref="oc-248"/>
      </symbol>
      <symbol id="sm-6b8">
         <name>RPMessage_notifyCallback</name>
         <value>0xa034b431</value>
         <object_component_ref idref="oc-1a8"/>
      </symbol>
      <symbol id="sm-6b9">
         <name>RPMessage_isLinuxCore</name>
         <value>0xa034d2d1</value>
         <object_component_ref idref="oc-1a5"/>
      </symbol>
      <symbol id="sm-6ba">
         <name>RPMessage_send</name>
         <value>0xa0344ef1</value>
         <object_component_ref idref="oc-25e"/>
      </symbol>
      <symbol id="sm-6bb">
         <name>RPMessage_recv</name>
         <value>0xa0345851</value>
         <object_component_ref idref="oc-267"/>
      </symbol>
      <symbol id="sm-6bc">
         <name>RPMessage_construct</name>
         <value>0xa03494d1</value>
         <object_component_ref idref="oc-1bc"/>
      </symbol>
      <symbol id="sm-6bd">
         <name>RPMessage_CreateParams_init</name>
         <value>0xa034e361</value>
         <object_component_ref idref="oc-1ba"/>
      </symbol>
      <symbol id="sm-6be">
         <name>RPMessage_Params_init</name>
         <value>0xa034b9b1</value>
         <object_component_ref idref="oc-10c"/>
      </symbol>
      <symbol id="sm-6bf">
         <name>RPMessage_coreInit</name>
         <value>0xa03495a1</value>
         <object_component_ref idref="oc-1a6"/>
      </symbol>
      <symbol id="sm-6c0">
         <name>RPMessage_controlEndPtHandler</name>
         <value>0xa034c231</value>
         <object_component_ref idref="oc-246"/>
      </symbol>
      <symbol id="sm-6c1">
         <name>RPMessage_controlEndPtInit</name>
         <value>0xa034d691</value>
         <object_component_ref idref="oc-1a7"/>
      </symbol>
      <symbol id="sm-6c2">
         <name>RPMessage_announce</name>
         <value>0xa034cb11</value>
         <object_component_ref idref="oc-1bd"/>
      </symbol>
      <symbol id="sm-6c3">
         <name>RPMessage_waitForLinuxReady</name>
         <value>0xa0348ff1</value>
         <object_component_ref idref="oc-1b8"/>
      </symbol>
      <symbol id="sm-6c4">
         <name>RPMessage_init</name>
         <value>0xa03456d1</value>
         <object_component_ref idref="oc-113"/>
      </symbol>
      <symbol id="sm-6eb">
         <name>RPMessage_vringGetEmptyTxBuf</name>
         <value>0xa0349401</value>
         <object_component_ref idref="oc-366"/>
      </symbol>
      <symbol id="sm-6ec">
         <name>RPMessage_vringPutFullTxBuf</name>
         <value>0xa034a371</value>
         <object_component_ref idref="oc-369"/>
      </symbol>
      <symbol id="sm-6ed">
         <name>RPMessage_vringCheckEmptyTxBuf</name>
         <value>0xa034c3d1</value>
         <object_component_ref idref="oc-249"/>
      </symbol>
      <symbol id="sm-6ee">
         <name>RPMessage_vringGetTxBufAddr</name>
         <value>0xa034d351</value>
         <object_component_ref idref="oc-367"/>
      </symbol>
      <symbol id="sm-6ef">
         <name>RPMessage_vringGetTxBufLen</name>
         <value>0xa034d391</value>
         <object_component_ref idref="oc-368"/>
      </symbol>
      <symbol id="sm-6f0">
         <name>RPMessage_vringGetFullRxBuf</name>
         <value>0xa0348ab1</value>
         <object_component_ref idref="oc-356"/>
      </symbol>
      <symbol id="sm-6f1">
         <name>RPMessage_vringPutEmptyRxBuf</name>
         <value>0xa0348d51</value>
         <object_component_ref idref="oc-359"/>
      </symbol>
      <symbol id="sm-6f2">
         <name>RPMessage_vringIsFullRxBuf</name>
         <value>0xa034b831</value>
         <object_component_ref idref="oc-247"/>
      </symbol>
      <symbol id="sm-6f3">
         <name>RPMessage_vringGetRxBufAddr</name>
         <value>0xa034d311</value>
         <object_component_ref idref="oc-357"/>
      </symbol>
      <symbol id="sm-6f4">
         <name>RPMessage_vringGetSize</name>
         <value>0xa034cec1</value>
         <object_component_ref idref="oc-34f"/>
      </symbol>
      <symbol id="sm-6f5">
         <name>RPMessage_vringResetInternal</name>
         <value>0xa03453c1</value>
         <object_component_ref idref="oc-352"/>
      </symbol>
      <symbol id="sm-6f6">
         <name>RPMessage_vringReset</name>
         <value>0xa03469e1</value>
         <object_component_ref idref="oc-241"/>
      </symbol>
      <symbol id="sm-6f7">
         <name>RPMessage_vringResetLinux</name>
         <value>0xa0346d81</value>
         <object_component_ref idref="oc-258"/>
      </symbol>
      <symbol id="sm-709">
         <name>Pinmux_config</name>
         <value>0xa034a4b1</value>
         <object_component_ref idref="oc-189"/>
      </symbol>
      <symbol id="sm-743">
         <name>Sciclient_init</name>
         <value>0xa034a9b1</value>
         <object_component_ref idref="oc-ee"/>
      </symbol>
      <symbol id="sm-744">
         <name>Sciclient_service</name>
         <value>0xa0341db1</value>
         <object_component_ref idref="oc-229"/>
      </symbol>
      <symbol id="sm-745">
         <name>Sciclient_getCurrentContext</name>
         <value>0xa0349c81</value>
         <object_component_ref idref="oc-339"/>
      </symbol>
      <symbol id="sm-746">
         <name>Sciclient_getSelfDevIdCore</name>
         <value>0xa034e921</value>
         <object_component_ref idref="oc-175"/>
      </symbol>
      <symbol id="sm-74b">
         <name>gSciclientMap</name>
         <value>0xa0350488</value>
         <object_component_ref idref="oc-33a"/>
      </symbol>
      <symbol id="sm-75a">
         <name>Sciclient_getContext</name>
         <value>0xa034a411</value>
         <object_component_ref idref="oc-171"/>
      </symbol>
      <symbol id="sm-75b">
         <name>Sciclient_getDevId</name>
         <value>0xa034cc01</value>
         <object_component_ref idref="oc-16d"/>
      </symbol>
      <symbol id="sm-75c">
         <name>gSciclientSecProxyCfg</name>
         <value>0xa02a25a0</value>
         <object_component_ref idref="oc-165"/>
      </symbol>
      <symbol id="sm-777">
         <name>SOC_moduleClockEnable</name>
         <value>0xa034aaf1</value>
         <object_component_ref idref="oc-22e"/>
      </symbol>
      <symbol id="sm-778">
         <name>SOC_moduleSetClockFrequency</name>
         <value>0xa0344831</value>
         <object_component_ref idref="oc-230"/>
      </symbol>
      <symbol id="sm-779">
         <name>SOC_getCoreName</name>
         <value>0xa034d5d1</value>
         <object_component_ref idref="oc-210"/>
      </symbol>
      <symbol id="sm-77a">
         <name>SOC_getSelfCpuClk</name>
         <value>0xa034e161</value>
         <object_component_ref idref="oc-f3"/>
      </symbol>
      <symbol id="sm-77b">
         <name>SOC_controlModuleLockMMR</name>
         <value>0xa034c8b1</value>
         <object_component_ref idref="oc-15f"/>
      </symbol>
      <symbol id="sm-77c">
         <name>SOC_controlModuleUnlockMMR</name>
         <value>0xa034a5f1</value>
         <object_component_ref idref="oc-15e"/>
      </symbol>
      <symbol id="sm-847">
         <name>UART_init</name>
         <value>0xa0349981</value>
         <object_component_ref idref="oc-1a9"/>
      </symbol>
      <symbol id="sm-848">
         <name>UART_open</name>
         <value>0xa0342341</value>
         <object_component_ref idref="oc-35e"/>
      </symbol>
      <symbol id="sm-849">
         <name>UART_close</name>
         <value>0xa03449f1</value>
         <object_component_ref idref="oc-3f8"/>
      </symbol>
      <symbol id="sm-84a">
         <name>UART_flushTxFifo</name>
         <value>0xa0349261</value>
         <object_component_ref idref="oc-43c"/>
      </symbol>
      <symbol id="sm-84b">
         <name>UART_write</name>
         <value>0xa0343991</value>
         <object_component_ref idref="oc-28b"/>
      </symbol>
      <symbol id="sm-84c">
         <name>UART_read</name>
         <value>0xa0344111</value>
         <object_component_ref idref="oc-26a"/>
      </symbol>
      <symbol id="sm-861">
         <name>UART_dmaOpen</name>
         <value>0xa034bc11</value>
         <object_component_ref idref="oc-3f6"/>
      </symbol>
      <symbol id="sm-862">
         <name>UART_dmaClose</name>
         <value>0xa034b4b1</value>
         <object_component_ref idref="oc-43e"/>
      </symbol>
      <symbol id="sm-863">
         <name>UART_dmaDisableChannel</name>
         <value>0xa034b311</value>
         <object_component_ref idref="oc-3ff"/>
      </symbol>
      <symbol id="sm-864">
         <name>UART_readInterruptDma</name>
         <value>0xa034c6d1</value>
         <object_component_ref idref="oc-36d"/>
      </symbol>
      <symbol id="sm-865">
         <name>UART_writeInterruptDma</name>
         <value>0xa034c731</value>
         <object_component_ref idref="oc-376"/>
      </symbol>
      <symbol id="sm-86e">
         <name>CSL_secProxyGetDataAddr</name>
         <value>0xa034e481</value>
         <object_component_ref idref="oc-3e8"/>
      </symbol>
      <symbol id="sm-88b">
         <name>Sciclient_pmSetModuleState</name>
         <value>0xa034afb1</value>
         <object_component_ref idref="oc-346"/>
      </symbol>
      <symbol id="sm-88c">
         <name>Sciclient_pmGetModuleState</name>
         <value>0xa034ae91</value>
         <object_component_ref idref="oc-345"/>
      </symbol>
      <symbol id="sm-88d">
         <name>Sciclient_pmSetModuleRst</name>
         <value>0xa034c431</value>
         <object_component_ref idref="oc-347"/>
      </symbol>
      <symbol id="sm-88e">
         <name>Sciclient_pmModuleClkRequest</name>
         <value>0xa034af21</value>
         <object_component_ref idref="oc-34b"/>
      </symbol>
      <symbol id="sm-88f">
         <name>Sciclient_pmModuleGetClkStatus</name>
         <value>0xa034a871</value>
         <object_component_ref idref="oc-348"/>
      </symbol>
      <symbol id="sm-890">
         <name>Sciclient_pmSetModuleClkParent</name>
         <value>0xa034a7d1</value>
         <object_component_ref idref="oc-34c"/>
      </symbol>
      <symbol id="sm-891">
         <name>Sciclient_pmGetModuleClkParent</name>
         <value>0xa034a731</value>
         <object_component_ref idref="oc-34a"/>
      </symbol>
      <symbol id="sm-892">
         <name>Sciclient_pmGetModuleClkNumParent</name>
         <value>0xa034a0b1</value>
         <object_component_ref idref="oc-349"/>
      </symbol>
      <symbol id="sm-893">
         <name>Sciclient_pmSetModuleClkFreq</name>
         <value>0xa03477c1</value>
         <object_component_ref idref="oc-34e"/>
      </symbol>
      <symbol id="sm-894">
         <name>Sciclient_pmQueryModuleClkFreq</name>
         <value>0xa0346eb1</value>
         <object_component_ref idref="oc-34d"/>
      </symbol>
      <symbol id="sm-895">
         <name>Sciclient_pmGetModuleClkFreq</name>
         <value>0xa034a691</value>
         <object_component_ref idref="oc-176"/>
      </symbol>
      <symbol id="sm-8a7">
         <name>sprintf</name>
         <value>0xa034c66c</value>
         <object_component_ref idref="oc-29a"/>
      </symbol>
      <symbol id="sm-8b7">
         <name>pow</name>
         <value>0xa0340218</value>
         <object_component_ref idref="oc-45f"/>
      </symbol>
      <symbol id="sm-8b8">
         <name>powl</name>
         <value>0xa0340218</value>
         <object_component_ref idref="oc-45f"/>
      </symbol>
      <symbol id="sm-8c2">
         <name>sqrt</name>
         <value>0xa0343d68</value>
         <object_component_ref idref="oc-463"/>
      </symbol>
      <symbol id="sm-8c3">
         <name>sqrtl</name>
         <value>0xa0343d68</value>
         <object_component_ref idref="oc-463"/>
      </symbol>
      <symbol id="sm-8cd">
         <name>scalbn</name>
         <value>0xa03464d8</value>
         <object_component_ref idref="oc-48d"/>
      </symbol>
      <symbol id="sm-8ce">
         <name>ldexp</name>
         <value>0xa03464d8</value>
         <object_component_ref idref="oc-48d"/>
      </symbol>
      <symbol id="sm-8cf">
         <name>scalbnl</name>
         <value>0xa03464d8</value>
         <object_component_ref idref="oc-48d"/>
      </symbol>
      <symbol id="sm-8d0">
         <name>ldexpl</name>
         <value>0xa03464d8</value>
         <object_component_ref idref="oc-48d"/>
      </symbol>
      <symbol id="sm-8db">
         <name>__aeabi_errno_addr</name>
         <value>0xa033ec04</value>
         <object_component_ref idref="oc-456"/>
      </symbol>
      <symbol id="sm-8dc">
         <name>__aeabi_errno</name>
         <value>0xa02a26ac</value>
         <object_component_ref idref="oc-485"/>
      </symbol>
      <symbol id="sm-8e6">
         <name>abort</name>
         <value>0x14c0</value>
         <object_component_ref idref="oc-ba"/>
      </symbol>
      <symbol id="sm-8e7">
         <name>C$$EXIT</name>
         <value>0x14c0</value>
         <object_component_ref idref="oc-ba"/>
      </symbol>
      <symbol id="sm-8f0">
         <name>_nop</name>
         <value>0xa033def8</value>
         <object_component_ref idref="oc-207"/>
      </symbol>
      <symbol id="sm-8f1">
         <name>_lock</name>
         <value>0xa02a26b0</value>
         <object_component_ref idref="oc-142"/>
      </symbol>
      <symbol id="sm-8f2">
         <name>_unlock</name>
         <value>0xa02a26b4</value>
         <object_component_ref idref="oc-145"/>
      </symbol>
      <symbol id="sm-8fd">
         <name>atoi</name>
         <value>0xa034bcf0</value>
         <object_component_ref idref="oc-2eb"/>
      </symbol>
      <symbol id="sm-913">
         <name>free</name>
         <value>0xa0344674</value>
         <object_component_ref idref="oc-3b5"/>
      </symbol>
      <symbol id="sm-914">
         <name>_sys_memory</name>
         <value>0xa032fe80</value>
         <object_component_ref idref="oc-42"/>
      </symbol>
      <symbol id="sm-91e">
         <name>strlen</name>
         <value>0xa034e4b8</value>
         <object_component_ref idref="oc-2a1"/>
      </symbol>
      <symbol id="sm-927">
         <name>strncpy</name>
         <value>0xa034c9c4</value>
         <object_component_ref idref="oc-25a"/>
      </symbol>
      <symbol id="sm-92f">
         <name>abs</name>
         <value>0xa0342cb4</value>
         <object_component_ref idref="oc-388"/>
      </symbol>
      <symbol id="sm-93a">
         <name>__TI_auto_init_nobinit_nopinit</name>
         <value>0xa034ca70</value>
         <object_component_ref idref="oc-94"/>
      </symbol>
      <symbol id="sm-95b">
         <name>__TI_printfi_nofloat</name>
         <value>0xa033d118</value>
         <object_component_ref idref="oc-40c"/>
      </symbol>
      <symbol id="sm-961">
         <name>__aeabi_ctype_table_</name>
         <value>0xa03507d0</value>
         <object_component_ref idref="oc-3b0"/>
      </symbol>
      <symbol id="sm-962">
         <name>__aeabi_ctype_table_C</name>
         <value>0xa03507d0</value>
         <object_component_ref idref="oc-3b0"/>
      </symbol>
      <symbol id="sm-96c">
         <name>memccpy</name>
         <value>0xa034cd88</value>
         <object_component_ref idref="oc-447"/>
      </symbol>
      <symbol id="sm-975">
         <name>wcslen</name>
         <value>0xa034e3a0</value>
         <object_component_ref idref="oc-452"/>
      </symbol>
      <symbol id="sm-98e">
         <name>__aeabi_uidiv</name>
         <value>0xa0343f40</value>
         <object_component_ref idref="oc-44c"/>
      </symbol>
      <symbol id="sm-98f">
         <name>__udivsi3</name>
         <value>0xa0343f40</value>
         <object_component_ref idref="oc-44c"/>
      </symbol>
      <symbol id="sm-995">
         <name>__aeabi_l2f</name>
         <value>0xa034bd60</value>
         <object_component_ref idref="oc-270"/>
      </symbol>
      <symbol id="sm-996">
         <name>__floatdisf</name>
         <value>0xa034bd60</value>
         <object_component_ref idref="oc-270"/>
      </symbol>
      <symbol id="sm-9a2">
         <name>__aeabi_idiv0</name>
         <value>0xa034e990</value>
         <object_component_ref idref="oc-480"/>
      </symbol>
      <symbol id="sm-9a3">
         <name>__aeabi_ldiv0</name>
         <value>0xa034e9a0</value>
         <object_component_ref idref="oc-303"/>
      </symbol>
      <symbol id="sm-9a9">
         <name>__aeabi_memcpy</name>
         <value>0xa033defc</value>
         <object_component_ref idref="oc-151"/>
      </symbol>
      <symbol id="sm-9aa">
         <name>__aeabi_memcpy4</name>
         <value>0xa033defc</value>
         <object_component_ref idref="oc-151"/>
      </symbol>
      <symbol id="sm-9ab">
         <name>__aeabi_memcpy8</name>
         <value>0xa033defc</value>
         <object_component_ref idref="oc-151"/>
      </symbol>
      <symbol id="sm-9b1">
         <name>__aeabi_memset</name>
         <value>0xa034e518</value>
         <object_component_ref idref="oc-8e"/>
      </symbol>
      <symbol id="sm-9b2">
         <name>__aeabi_memset4</name>
         <value>0xa034e518</value>
         <object_component_ref idref="oc-8e"/>
      </symbol>
      <symbol id="sm-9b3">
         <name>__aeabi_memset8</name>
         <value>0xa034e518</value>
         <object_component_ref idref="oc-8e"/>
      </symbol>
      <symbol id="sm-9b4">
         <name>__aeabi_memclr</name>
         <value>0xa034e528</value>
         <object_component_ref idref="oc-8e"/>
      </symbol>
      <symbol id="sm-9b5">
         <name>__aeabi_memclr4</name>
         <value>0xa034e528</value>
         <object_component_ref idref="oc-8e"/>
      </symbol>
      <symbol id="sm-9b6">
         <name>__aeabi_memclr8</name>
         <value>0xa034e528</value>
         <object_component_ref idref="oc-8e"/>
      </symbol>
      <symbol id="sm-9bc">
         <name>__aeabi_uldivmod</name>
         <value>0xa034e214</value>
         <object_component_ref idref="oc-126"/>
      </symbol>
      <symbol id="sm-9c2">
         <name>__udivmoddi4</name>
         <value>0xa0347468</value>
         <object_component_ref idref="oc-1e7"/>
      </symbol>
      <symbol id="sm-9ca">
         <name>TI_memcpy_small</name>
         <value>0xa034e4fc</value>
         <object_component_ref idref="oc-329"/>
      </symbol>
      <symbol id="sm-9d2">
         <name>TI_memset_small</name>
         <value>0xa034e678</value>
         <object_component_ref idref="oc-14b"/>
      </symbol>
      <symbol id="sm-9dc">
         <name>gAddrTranslateConfig</name>
         <value>0xa02a263c</value>
         <object_component_ref idref="oc-225"/>
      </symbol>
      <symbol id="sm-9dd">
         <name>AddrTranslateP_getLocalAddr</name>
         <value>0xa0348531</value>
         <object_component_ref idref="oc-167"/>
      </symbol>
      <symbol id="sm-9de">
         <name>_system_post_cinit</name>
         <value>0x0</value>
      </symbol>
      <symbol id="sm-9df">
         <name>__TI_Handler_Table_Limit</name>
         <value>0x0</value>
      </symbol>
      <symbol id="sm-9e0">
         <name>__TI_Handler_Table_Base</name>
         <value>0x0</value>
      </symbol>
      <symbol id="sm-9e1">
         <name>__TI_CINIT_Base</name>
         <value>0x0</value>
      </symbol>
      <symbol id="sm-9e2">
         <name>__TI_CINIT_Limit</name>
         <value>0x0</value>
      </symbol>
   </symbol_table>
   <title>Link successful</title>
</link_info>
