../Core/Src/ads1298.c:60:6:HAL_SPI_TxCpltCallback	16	static
../Core/Src/ads1298.c:67:6:HAL_SPI_RxCpltCallback	16	static
../Core/Src/ads1298.c:78:6:adsCmd_rdatac	8	static
../Core/Src/ads1298.c:83:6:adsCmd_sdatac	8	static
../Core/Src/ads1298.c:89:6:adsCmd_rdata	16	static
../Core/Src/ads1298.c:109:6:adsCmd_rreg	24	static
../Core/Src/ads1298.c:121:6:adsCmd_wreg	24	static
../Core/Src/ads1298.c:133:6:adsCmd_end	16	static
../Core/Src/ads1298.c:138:6:ads_SendSimpleCommand	24	static
../Core/Src/ads1298.c:159:6:ads_start_by_pin	8	static
../Core/Src/ads1298.c:166:6:leerDatosAds	8	static
../Core/Src/ads1298.c:176:6:lecturaDatosAds	16	static
../Core/Src/ads1298.c:195:6:lecturaContinuaDatosAds	48	static
../Core/Src/ads1298.c:263:9:leerValorCanal	32	static
../Core/Src/ads1298.c:320:6:ads_Init	8	static
../Core/Src/ads1298.c:365:6:ads_Start	8	static
../Core/Src/ads1298.c:386:6:ads_Stop	8	static
../Core/Src/ads1298.c:403:6:ads_reset_byPin	8	static
../Core/Src/ads1298.c:411:6:ads_IntTrue	4	static
../Core/Src/ads1298.c:414:6:ads_IntFalse	4	static
../Core/Src/ads1298.c:417:6:ads_IntStat	4	static
../Core/Src/ads1298.c:421:6:delay_us_tim13	16	static
